Component: ARM Compiler 6.14 Tool: armlink [5db06800]

==============================================================================

Section Cross References

    startup_stm32f030x6.o(STACK) refers (Special) to heapauxi.o(.text) for __use_two_region_memory
    startup_stm32f030x6.o(HEAP) refers (Special) to heapauxi.o(.text) for __use_two_region_memory
    startup_stm32f030x6.o(RESET) refers (Special) to heapauxi.o(.text) for __use_two_region_memory
    startup_stm32f030x6.o(RESET) refers to startup_stm32f030x6.o(STACK) for __initial_sp
    startup_stm32f030x6.o(RESET) refers to startup_stm32f030x6.o(.text) for Reset_Handler
    startup_stm32f030x6.o(RESET) refers to stm32f0xx_it.o(.text.NMI_Handler) for NMI_Handler
    startup_stm32f030x6.o(RESET) refers to stm32f0xx_it.o(.text.HardFault_Handler) for HardFault_Handler
    startup_stm32f030x6.o(RESET) refers to stm32f0xx_it.o(.text.SVC_Handler) for SVC_Handler
    startup_stm32f030x6.o(RESET) refers to stm32f0xx_it.o(.text.PendSV_Handler) for PendSV_Handler
    startup_stm32f030x6.o(RESET) refers to stm32f0xx_it.o(.text.SysTick_Handler) for SysTick_Handler
    startup_stm32f030x6.o(RESET) refers to stm32f0xx_it.o(.text.TIM3_IRQHandler) for TIM3_IRQHandler
    startup_stm32f030x6.o(RESET) refers to stm32f0xx_it.o(.text.TIM14_IRQHandler) for TIM14_IRQHandler
    startup_stm32f030x6.o(.text) refers (Special) to heapauxi.o(.text) for __use_two_region_memory
    startup_stm32f030x6.o(.text) refers to system_stm32f0xx.o(.text.SystemInit) for SystemInit
    startup_stm32f030x6.o(.text) refers to __main.o(!!!main) for __main
    startup_stm32f030x6.o(.text) refers to startup_stm32f030x6.o(HEAP) for Heap_Mem
    startup_stm32f030x6.o(.text) refers to startup_stm32f030x6.o(STACK) for Stack_Mem
    control.o(.text.Fan_pid) refers to fflti.o(.text) for __aeabi_i2f
    control.o(.text.Fan_pid) refers to faddsub.o(x$fpl$fsub) for __aeabi_fsub
    control.o(.text.Fan_pid) refers to ffixi.o(.text) for __aeabi_f2iz
    control.o(.text.Fan_pid) refers to faddsub.o(x$fpl$fadd) for __aeabi_fadd
    control.o(.text.Fan_pid) refers to fcmp.o(i._fgr) for __aeabi_fcmpgt
    control.o(.text.Fan_pid) refers to fcmp.o(i._fls) for __aeabi_fcmplt
    control.o(.text.Fan_pid) refers to fmul.o(x$fpl$fmul) for __aeabi_fmul
    control.o(.ARM.exidx.text.Fan_pid) refers to control.o(.text.Fan_pid) for [Anonymous Symbol]
    control.o(.text.Set_fan_speed) refers to fflti.o(.text) for __aeabi_ui2f
    control.o(.text.Set_fan_speed) refers to control.o(.data.speed_pid) for speed_pid
    control.o(.ARM.exidx.text.Set_fan_speed) refers to control.o(.text.Set_fan_speed) for [Anonymous Symbol]
    main.o(.text.main) refers to stm32f0xx_hal.o(.text.HAL_Init) for HAL_Init
    main.o(.text.main) refers to main.o(.text.SystemClock_Config) for SystemClock_Config
    main.o(.text.main) refers to main.o(.text.MX_GPIO_Init) for MX_GPIO_Init
    main.o(.text.main) refers to main.o(.text.MX_ADC_Init) for MX_ADC_Init
    main.o(.text.main) refers to main.o(.text.MX_TIM1_Init) for MX_TIM1_Init
    main.o(.text.main) refers to main.o(.text.MX_TIM3_Init) for MX_TIM3_Init
    main.o(.text.main) refers to main.o(.text.MX_TIM14_Init) for MX_TIM14_Init
    main.o(.text.main) refers to stm32f0xx_hal_tim.o(.text.HAL_TIM_Base_Start_IT) for HAL_TIM_Base_Start_IT
    main.o(.text.main) refers to stm32f0xx_hal_tim.o(.text.HAL_TIM_IC_Start_IT) for HAL_TIM_IC_Start_IT
    main.o(.text.main) refers to control.o(.text.Set_fan_speed) for Set_fan_speed
    main.o(.text.main) refers to aeabi_sdivfast.o(.text_divfast) for __aeabi_uidiv
    main.o(.text.main) refers to fflti.o(.text) for __aeabi_ui2f
    main.o(.text.main) refers to fmul.o(x$fpl$fmul) for __aeabi_fmul
    main.o(.text.main) refers to faddsub.o(x$fpl$fsub) for __aeabi_fsub
    main.o(.text.main) refers to fdiv.o(.text) for __aeabi_fdiv
    main.o(.text.main) refers to faddsub.o(x$fpl$fadd) for __aeabi_fadd
    main.o(.text.main) refers to f2d.o(.text) for __aeabi_f2d
    main.o(.text.main) refers to ddiv.o(.text) for __aeabi_ddiv
    main.o(.text.main) refers to d2f.o(.text) for __aeabi_d2f
    main.o(.text.main) refers to ffixi.o(.text) for __aeabi_f2iz
    main.o(.text.main) refers to daddsub.o(.text) for __aeabi_dadd
    main.o(.text.main) refers to dcmp.o(i._dls) for __aeabi_dcmplt
    main.o(.text.main) refers to fcmp.o(i._fgr) for __aeabi_fcmpgt
    main.o(.text.main) refers to fcmp.o(i._fleq) for __aeabi_fcmple
    main.o(.text.main) refers to stm32f0xx_hal_adc.o(.text.HAL_ADC_Start) for HAL_ADC_Start
    main.o(.text.main) refers to stm32f0xx_hal_adc.o(.text.HAL_ADC_PollForConversion) for HAL_ADC_PollForConversion
    main.o(.text.main) refers to stm32f0xx_hal_adc.o(.text.HAL_ADC_GetState) for HAL_ADC_GetState
    main.o(.text.main) refers to stm32f0xx_hal_adc.o(.text.HAL_ADC_GetValue) for HAL_ADC_GetValue
    main.o(.text.main) refers to main.o(.bss.htim3) for htim3
    main.o(.text.main) refers to main.o(.bss.htim14) for htim14
[...]
    ../clib/signal.c                         0x00000000   Number         0  defsig_cppl_inner.o ABSOLUTE
    ../clib/signal.c                         0x00000000   Number         0  defsig_segv_inner.o ABSOLUTE
    ../clib/signal.c                         0x00000000   Number         0  defsig_other.o ABSOLUTE
    ../clib/signal.s                         0x00000000   Number         0  defsig.o ABSOLUTE
    ../clib/stdlib.c                         0x00000000   Number         0  exit.o ABSOLUTE
    ../fplib/cfplib/cmp.c                    0x00000000   Number         0  dcmp.o ABSOLUTE
    ../fplib/cfplib/cmp.c                    0x00000000   Number         0  fcmp.o ABSOLUTE
    ../fplib/cfplib/cmpret.c                 0x00000000   Number         0  cmpret.o ABSOLUTE
    ../fplib/cfplib/d2f.c                    0x00000000   Number         0  d2f.o ABSOLUTE
    ../fplib/cfplib/daddsub.c                0x00000000   Number         0  daddsub.o ABSOLUTE
    ../fplib/cfplib/dcmpin.c                 0x00000000   Number         0  dcmpin.o ABSOLUTE
    ../fplib/cfplib/ddiv.c                   0x00000000   Number         0  ddiv.o ABSOLUTE
    ../fplib/cfplib/f2d.c                    0x00000000   Number         0  f2d.o ABSOLUTE
    ../fplib/cfplib/fcmpin.c                 0x00000000   Number         0  fcmpin.o ABSOLUTE
    ../fplib/cfplib/fdiv.c                   0x00000000   Number         0  fdiv.o ABSOLUTE
    ../fplib/cfplib/ffix.c                   0x00000000   Number         0  ffixi.o ABSOLUTE
    ../fplib/cfplib/fflt.c                   0x00000000   Number         0  fflti.o ABSOLUTE
    ../fplib/cfplib/fpinit.c                 0x00000000   Number         0  fpinit.o ABSOLUTE
    ../fplib/cfplib/nan2.c                   0x00000000   Number         0  dnan2.o ABSOLUTE
    ../fplib/cfplib/nan2.c                   0x00000000   Number         0  fnan2.o ABSOLUTE
    ../fplib/cfplib/retnan.c                 0x00000000   Number         0  retnan.o ABSOLUTE
    ../fplib/deqf6m.s                        0x00000000   Number         0  deqf.o ABSOLUTE
    ../fplib/dgeqf6m.s                       0x00000000   Number         0  dgef.o ABSOLUTE
    ../fplib/dleqf6m.s                       0x00000000   Number         0  dlef.o ABSOLUTE
    ../fplib/faddsub6m.s                     0x00000000   Number         0  faddsub.o ABSOLUTE
    ../fplib/feqf6m.s                        0x00000000   Number         0  feqf.o ABSOLUTE
    ../fplib/fgeqf6m.s                       0x00000000   Number         0  fgef.o ABSOLUTE
    ../fplib/fleqf6m.s                       0x00000000   Number         0  flef.o ABSOLUTE
    ../fplib/fmul6m.s                        0x00000000   Number         0  fmul.o ABSOLUTE
    ../fplib/usenofp.s                       0x00000000   Number         0  usenofp.o ABSOLUTE
    control.c                                0x00000000   Number         0  control.o ABSOLUTE
    dc.s                                     0x00000000   Number         0  dc.o ABSOLUTE
    main.c                                   0x00000000   Number         0  main.o ABSOLUTE
    startup_stm32f030x6.s                    0x00000000   Number         0  startup_stm32f030x6.o ABSOLUTE
    stm32f0xx_hal.c                          0x00000000   Number         0  stm32f0xx_hal.o ABSOLUTE
    stm32f0xx_hal_adc.c                      0x00000000   Number         0  stm32f0xx_hal_adc.o ABSOLUTE
    stm32f0xx_hal_adc_ex.c                   0x00000000   Number         0  stm32f0xx_hal_adc_ex.o ABSOLUTE
    stm32f0xx_hal_cortex.c                   0x00000000   Number         0  stm32f0xx_hal_cortex.o ABSOLUTE
    stm32f0xx_hal_dma.c                      0x00000000   Number         0  stm32f0xx_hal_dma.o ABSOLUTE
    stm32f0xx_hal_exti.c                     0x00000000   Number         0  stm32f0xx_hal_exti.o ABSOLUTE
    stm32f0xx_hal_flash.c                    0x00000000   Number         0  stm32f0xx_hal_flash.o ABSOLUTE
    stm32f0xx_hal_flash_ex.c                 0x00000000   Number         0  stm32f0xx_hal_flash_ex.o ABSOLUTE
    stm32f0xx_hal_gpio.c                     0x00000000   Number         0  stm32f0xx_hal_gpio.o ABSOLUTE
    stm32f0xx_hal_i2c.c                      0x00000000   Number         0  stm32f0xx_hal_i2c.o ABSOLUTE
    stm32f0xx_hal_i2c_ex.c                   0x00000000   Number         0  stm32f0xx_hal_i2c_ex.o ABSOLUTE
    stm32f0xx_hal_msp.c                      0x00000000   Number         0  stm32f0xx_hal_msp.o ABSOLUTE
    stm32f0xx_hal_pwr.c                      0x00000000   Number         0  stm32f0xx_hal_pwr.o ABSOLUTE
    stm32f0xx_hal_pwr_ex.c                   0x00000000   Number         0  stm32f0xx_hal_pwr_ex.o ABSOLUTE
    stm32f0xx_hal_rcc.c                      0x00000000   Number         0  stm32f0xx_hal_rcc.o ABSOLUTE
    stm32f0xx_hal_rcc_ex.c                   0x00000000   Number         0  stm32f0xx_hal_rcc_ex.o ABSOLUTE
    stm32f0xx_hal_tim.c                      0x00000000   Number         0  stm32f0xx_hal_tim.o ABSOLUTE
    stm32f0xx_hal_tim_ex.c                   0x00000000   Number         0  stm32f0xx_hal_tim_ex.o ABSOLUTE
    stm32f0xx_it.c                           0x00000000   Number         0  stm32f0xx_it.o ABSOLUTE
    system_stm32f0xx.c                       0x00000000   Number         0  system_stm32f0xx.o ABSOLUTE
    RESET                                    0x08000000   Section      176  startup_stm32f030x6.o(RESET)
    !!!main                                  0x080000b0   Section        8  __main.o(!!!main)
    !!!scatter                               0x080000b8   Section       60  __scatter.o(!!!scatter)
    !!handler_copy                           0x080000f4   Section       26  __scatter_copy.o(!!handler_copy)
    !!handler_zi                             0x08000110   Section       28  __scatter_zi.o(!!handler_zi)
    .ARM.Collect$$libinit$$00000000          0x0800012c   Section        2  libinit.o(.ARM.Collect$$libinit$$00000000)
    .ARM.Collect$$libinit$$00000002          0x0800012e   Section        0  libinit2.o(.ARM.Collect$$libinit$$00000002)
    .ARM.Collect$$libinit$$00000004          0x0800012e   Section        0  libinit2.o(.ARM.Collect$$libinit$$00000004)
    .ARM.Collect$$libinit$$0000000A          0x0800012e   Section        0  libinit2.o(.ARM.Collect$$libinit$$0000000A)
    .ARM.Collect$$libinit$$0000000C          0x0800012e   Section        0  libinit2.o(.ARM.Collect$$libinit$$0000000C)
    .ARM.Collect$$libinit$$0000000E          0x0800012e   Section        0  libinit2.o(.ARM.Collect$$libinit$$0000000E)
    .ARM.Collect$$libinit$$00000011          0x0800012e   Section        0  libinit2.o(.ARM.Collect$$libinit$$00000011)
    .ARM.Collect$$libinit$$00000013          0x0800012e   Section        0  libinit2.o(.ARM.Collect$$libinit$$00000013)
    .ARM.Collect$$libinit$$00000015          0x0800012e   Section        0  libinit2.o(.ARM.Collect$$libinit$$00000015)
    .ARM.Collect$$libinit$$00000017          0x0800012e   Section        0  libinit2.o(.ARM.Collect$$libinit$$00000017)
    .ARM.Collect$$libinit$$00000019          0x0800012e   Section        0  libinit2.o(.ARM.Collect$$libinit$$00000019)
    .ARM.Collect$$libinit$$0000001B          0x0800012e   Section        0  libinit2.o(.ARM.Collect$$libinit$$0000001B)
    .ARM.Collect$$libinit$$0000001D          0x0800012e   Section        0  libinit2.o(.ARM.Collect$$libinit$$0000001D)
    .ARM.Collect$$libinit$$0000001F          0x0800012e   Section        0  libinit2.o(.ARM.Collect$$libinit$$0000001F)
    .ARM.Collect$$libinit$$00000021          0x0800012e   Section        0  libinit2.o(.ARM.Collect$$libinit$$00000021)
    .ARM.Collect$$libinit$$00000023          0x0800012e   Section        0  libinit2.o(.ARM.Collect$$libinit$$00000023)
    .ARM.Collect$$libinit$$00000025          0x0800012e   Section        0  libinit2.o(.ARM.Collect$$libinit$$00000025)
    .ARM.Collect$$libinit$$0000002C          0x0800012e   Section        0  libinit2.o(.ARM.Collect$$libinit$$0000002C)
    .ARM.Collect$$libinit$$0000002E          0x0800012e   Section        0  libinit2.o(.ARM.Collect$$libinit$$0000002E)
    .ARM.Collect$$libinit$$00000030          0x0800012e   Section        0  libinit2.o(.ARM.Collect$$libinit$$00000030)
    .ARM.Collect$$libinit$$00000032          0x0800012e   Section        0  libinit2.o(.ARM.Collect$$libinit$$00000032)
    .ARM.Collect$$libinit$$00000033          0x0800012e   Section        2  libinit2.o(.ARM.Collect$$libinit$$00000033)
    .ARM.Collect$$libshutdown$$00000000      0x08000130   Section        2  libshutdown.o(.ARM.Collect$$libshutdown$$00000000)
    .ARM.Collect$$libshutdown$$00000002      0x08000132   Section        0  libshutdown2.o(.ARM.Collect$$libshutdown$$00000002)
    .ARM.Collect$$libshutdown$$00000004      0x08000132   Section        0  libshutdown2.o(.ARM.Collect$$libshutdown$$00000004)
    .ARM.Collect$$libshutdown$$00000007      0x08000132   Section        0  libshutdown2.o(.ARM.Collect$$libshutdown$$00000007)
    .ARM.Collect$$libshutdown$$0000000A      0x08000132   Section        0  libshutdown2.o(.ARM.Collect$$libshutdown$$0000000A)
    .ARM.Collect$$libshutdown$$0000000C      0x08000132   Section        0  libshutdown2.o(.ARM.Collect$$libshutdown$$0000000C)
    .ARM.Collect$$libshutdown$$0000000F      0x08000132   Section        0  libshutdown2.o(.ARM.Collect$$libshutdown$$0000000F)
    .ARM.Collect$$libshutdown$$00000010      0x08000132   Section        2  libshutdown2.o(.ARM.Collect$$libshutdown$$00000010)
    .ARM.Collect$$rtentry$$00000000          0x08000134   Section        0  __rtentry.o(.ARM.Collect$$rtentry$$00000000)
    .ARM.Collect$$rtentry$$00000002          0x08000134   Section        0  __rtentry2.o(.ARM.Collect$$rtentry$$00000002)
    .ARM.Collect$$rtentry$$00000004          0x08000134   Section        6  __rtentry4.o(.ARM.Collect$$rtentry$$00000004)
    .ARM.Collect$$rtentry$$00000009          0x0800013a   Section        0  __rtentry2.o(.ARM.Collect$$rtentry$$00000009)
    .ARM.Collect$$rtentry$$0000000A          0x0800013a   Section        4  __rtentry2.o(.ARM.Collect$$rtentry$$0000000A)
    .ARM.Collect$$rtentry$$0000000C          0x0800013e   Section        0  __rtentry2.o(.ARM.Collect$$rtentry$$0000000C)
    .ARM.Collect$$rtentry$$0000000D          0x0800013e   Section        8  __rtentry2.o(.ARM.Collect$$rtentry$$0000000D)
    .ARM.Collect$$rtexit$$00000000           0x08000146   Section        2  rtexit.o(.ARM.Collect$$rtexit$$00000000)
    .ARM.Collect$$rtexit$$00000002           0x08000148   Section        0  rtexit2.o(.ARM.Collect$$rtexit$$00000002)
    .ARM.Collect$$rtexit$$00000003           0x08000148   Section        4  rtexit2.o(.ARM.Collect$$rtexit$$00000003)
    .ARM.Collect$$rtexit$$00000004           0x0800014c   Section        6  rtexit2.o(.ARM.Collect$$rtexit$$00000004)
    .text                                    0x08000154   Section       56  startup_stm32f030x6.o(.text)
    .text                                    0x0800018c   Section        0  rt_memclr.o(.text)
    .text                                    0x080001cc   Section        0  heapauxi.o(.text)
    .text                                    0x080001d4   Section        0  d2f.o(.text)
    _dadd1                                   0x08000251   Thumb Code   290  daddsub.o(.text)
    .text                                    0x08000250   Section        0  daddsub.o(.text)
    _dsub1                                   0x08000373   Thumb Code   470  daddsub.o(.text)
    .text                                    0x080005a8   Section        0  ddiv.o(.text)
    .text                                    0x080009f0   Section        0  f2d.o(.text)
    .text                                    0x08000a44   Section        0  fdiv.o(.text)
    .text                                    0x08000ba4   Section        0  ffixi.o(.text)
    .text                                    0x08000bf0   Section        0  fflti.o(.text)
    .text                                    0x08000c50   Section        0  dcmpin.o(.text)
    .text                                    0x08000cf0   Section        0  fcmpin.o(.text)
    .text                                    0x08000d54   Section       62  sys_stackheap_outer.o(.text)
    .text                                    0x08000d92   Section        0  exit.o(.text)
    .text                                    0x08000da2   Section        0  cmpret.o(.text)
    .text                                    0x08000dd0   Section        0  dnan2.o(.text)
    .text                                    0x08000de4   Section        0  fnan2.o(.text)
    .text                                    0x08000df4   Section        8  libspace.o(.text)
    .text                                    0x08000dfc   Section        0  retnan.o(.text)
    .text                                    0x08000e5c   Section        0  sys_exit.o(.text)
    .text                                    0x08000e68   Section        2  use_no_semi.o(.text)
    .text                                    0x08000e6a   Section        0  indicate_semi.o(.text)
    ADC_Enable                               0x08000e6d   Thumb Code   172  stm32f0xx_hal_adc.o(.text.ADC_Enable)
    [Anonymous Symbol]                       0x08000e6c   Section        0  stm32f0xx_hal_adc.o(.text.ADC_Enable)
    __arm_cp.7_0                             0x08000f14   Number         4  stm32f0xx_hal_adc.o(.text.ADC_Enable)
    [Anonymous Symbol]                       0x08000f18   Section        0  main.o(.text.Error_Handler)
    [Anonymous Symbol]                       0x08000f20   Section        0  control.o(.text.Fan_pid)
    __arm_cp.0_0                             0x08000fe0   Number         4  control.o(.text.Fan_pid)
    __arm_cp.0_1                             0x08000fe4   Number         4  control.o(.text.Fan_pid)
    [Anonymous Symbol]                       0x08000fe8   Section        0  stm32f0xx_hal_adc.o(.text.HAL_ADC_ConfigChannel)
    __arm_cp.24_0                            0x080010dc   Number         4  stm32f0xx_hal_adc.o(.text.HAL_ADC_ConfigChannel)
    __arm_cp.24_1                            0x080010e0   Number         4  stm32f0xx_hal_adc.o(.text.HAL_ADC_ConfigChannel)
    __arm_cp.24_2                            0x080010e4   Number         4  stm32f0xx_hal_adc.o(.text.HAL_ADC_ConfigChannel)
    __arm_cp.24_3                            0x080010e8   Number         4  stm32f0xx_hal_adc.o(.text.HAL_ADC_ConfigChannel)
    __arm_cp.24_4                            0x080010ec   Number         4  stm32f0xx_hal_adc.o(.text.HAL_ADC_ConfigChannel)
    __arm_cp.24_5                            0x080010f0   Number         4  stm32f0xx_hal_adc.o(.text.HAL_ADC_ConfigChannel)
    [Anonymous Symbol]                       0x080010f4   Section        0  stm32f0xx_hal_adc.o(.text.HAL_ADC_GetState)
    [Anonymous Symbol]                       0x080010f8   Section        0  stm32f0xx_hal_adc.o(.text.HAL_ADC_GetValue)
    [Anonymous Symbol]                       0x08001100   Section        0  stm32f0xx_hal_adc.o(.text.HAL_ADC_Init)
    __arm_cp.0_0                             0x0800124c   Number         4  stm32f0xx_hal_adc.o(.text.HAL_ADC_Init)
    __arm_cp.0_1                             0x08001250   Number         4  stm32f0xx_hal_adc.o(.text.HAL_ADC_Init)
    [Anonymous Symbol]                       0x08001254   Section        0  stm32f0xx_hal_msp.o(.text.HAL_ADC_MspInit)
    __arm_cp.1_0                             0x080012ac   Number         4  stm32f0xx_hal_msp.o(.text.HAL_ADC_MspInit)
    __arm_cp.1_1                             0x080012b0   Number         4  stm32f0xx_hal_msp.o(.text.HAL_ADC_MspInit)
    [Anonymous Symbol]                       0x080012b4   Section        0  stm32f0xx_hal_adc.o(.text.HAL_ADC_PollForConversion)
    [Anonymous Symbol]                       0x08001380   Section        0  stm32f0xx_hal_adc.o(.text.HAL_ADC_Start)
    __arm_cp.6_0                             0x080013dc   Number         4  stm32f0xx_hal_adc.o(.text.HAL_ADC_Start)
    [Anonymous Symbol]                       0x080013e0   Section        0  stm32f0xx_hal_gpio.o(.text.HAL_GPIO_Init)
    __arm_cp.0_0                             0x08001558   Number         4  stm32f0xx_hal_gpio.o(.text.HAL_GPIO_Init)
    __arm_cp.0_1                             0x0800155c   Number         4  stm32f0xx_hal_gpio.o(.text.HAL_GPIO_Init)
    __arm_cp.0_3                             0x08001560   Number         4  stm32f0xx_hal_gpio.o(.text.HAL_GPIO_Init)
    __arm_cp.0_4                             0x08001564   Number         4  stm32f0xx_hal_gpio.o(.text.HAL_GPIO_Init)
    __arm_cp.0_5                             0x08001568   Number         4  stm32f0xx_hal_gpio.o(.text.HAL_GPIO_Init)
    [Anonymous Symbol]                       0x0800156c   Section        0  stm32f0xx_hal.o(.text.HAL_GetTick)
    [Anonymous Symbol]                       0x08001574   Section        0  stm32f0xx_hal.o(.text.HAL_IncTick)
    __arm_cp.5_1                             0x08001584   Number         4  stm32f0xx_hal.o(.text.HAL_IncTick)
    [Anonymous Symbol]                       0x08001588   Section        0  stm32f0xx_hal.o(.text.HAL_Init)
    [Anonymous Symbol]                       0x080015a4   Section        0  stm32f0xx_hal.o(.text.HAL_InitTick)
    __arm_cp.1_0                             0x080015e0   Number         4  stm32f0xx_hal.o(.text.HAL_InitTick)
    __arm_cp.1_2                             0x080015e4   Number         4  stm32f0xx_hal.o(.text.HAL_InitTick)
    [Anonymous Symbol]                       0x080015e8   Section        0  stm32f0xx_hal_msp.o(.text.HAL_MspInit)
    __arm_cp.0_0                             0x08001610   Number         4  stm32f0xx_hal_msp.o(.text.HAL_MspInit)
    [Anonymous Symbol]                       0x08001614   Section        0  stm32f0xx_hal_cortex.o(.text.HAL_NVIC_EnableIRQ)
    [Anonymous Symbol]                       0x0800161c   Section        0  stm32f0xx_hal_cortex.o(.text.HAL_NVIC_SetPriority)
    [Anonymous Symbol]                       0x08001624   Section        0  stm32f0xx_hal_rcc.o(.text.HAL_RCC_ClockConfig)
    __arm_cp.2_0                             0x0800172c   Number         4  stm32f0xx_hal_rcc.o(.text.HAL_RCC_ClockConfig)
    __arm_cp.2_2                             0x08001730   Number         4  stm32f0xx_hal_rcc.o(.text.HAL_RCC_ClockConfig)
    __arm_cp.2_3                             0x08001734   Number         4  stm32f0xx_hal_rcc.o(.text.HAL_RCC_ClockConfig)
    __arm_cp.2_4                             0x08001738   Number         4  stm32f0xx_hal_rcc.o(.text.HAL_RCC_ClockConfig)
    [Anonymous Symbol]                       0x0800173c   Section        0  stm32f0xx_hal_rcc.o(.text.HAL_RCC_GetSysClockFreq)
    __arm_cp.3_0                             0x08001770   Number         4  stm32f0xx_hal_rcc.o(.text.HAL_RCC_GetSysClockFreq)
    __arm_cp.3_1                             0x08001774   Number         4  stm32f0xx_hal_rcc.o(.text.HAL_RCC_GetSysClockFreq)
    __arm_cp.3_4                             0x08001798   Number         4  stm32f0xx_hal_rcc.o(.text.HAL_RCC_GetSysClockFreq)
    [Anonymous Symbol]                       0x0800179c   Section        0  stm32f0xx_hal_rcc.o(.text.HAL_RCC_OscConfig)
    __arm_cp.1_0                             0x08001b6c   Number         4  stm32f0xx_hal_rcc.o(.text.HAL_RCC_OscConfig)
    __arm_cp.1_1                             0x08001b70   Number         4  stm32f0xx_hal_rcc.o(.text.HAL_RCC_OscConfig)
    __arm_cp.1_2                             0x08001b74   Number         4  stm32f0xx_hal_rcc.o(.text.HAL_RCC_OscConfig)
    [Anonymous Symbol]                       0x08001b78   Section        0  stm32f0xx_hal_cortex.o(.text.HAL_SYSTICK_Config)
    [Anonymous Symbol]                       0x08001b80   Section        0  stm32f0xx_hal_tim_ex.o(.text.HAL_TIMEx_BreakCallback)
    [Anonymous Symbol]                       0x08001b82   Section        0  stm32f0xx_hal_tim_ex.o(.text.HAL_TIMEx_CommutCallback)
    [Anonymous Symbol]                       0x08001b84   Section        0  stm32f0xx_hal_tim_ex.o(.text.HAL_TIMEx_ConfigBreakDeadTime)
    [Anonymous Symbol]                       0x08001be0   Section        0  stm32f0xx_hal_tim_ex.o(.text.HAL_TIMEx_MasterConfigSynchronization)
    [Anonymous Symbol]                       0x08001c28   Section        0  stm32f0xx_hal_tim.o(.text.HAL_TIM_Base_Init)
    [Anonymous Symbol]                       0x08001c70   Section        0  stm32f0xx_hal_msp.o(.text.HAL_TIM_Base_MspInit)
    __arm_cp.3_1                             0x08001d28   Number         4  stm32f0xx_hal_msp.o(.text.HAL_TIM_Base_MspInit)
    __arm_cp.3_3                             0x08001d2c   Number         4  stm32f0xx_hal_msp.o(.text.HAL_TIM_Base_MspInit)
    __arm_cp.3_4                             0x08001d30   Number         4  stm32f0xx_hal_msp.o(.text.HAL_TIM_Base_MspInit)
    [Anonymous Symbol]                       0x08001d34   Section        0  stm32f0xx_hal_tim.o(.text.HAL_TIM_Base_Start)
    [Anonymous Symbol]                       0x08001d78   Section        0  stm32f0xx_hal_tim.o(.text.HAL_TIM_Base_Start_IT)
    __arm_cp.7_0                             0x08001dc0   Number         4  stm32f0xx_hal_tim.o(.text.HAL_TIM_Base_Start_IT)
    __arm_cp.7_1                             0x08001dc4   Number         4  stm32f0xx_hal_tim.o(.text.HAL_TIM_Base_Start_IT)
    [Anonymous Symbol]                       0x08001dc8   Section        0  stm32f0xx_hal_tim.o(.text.HAL_TIM_ConfigClockSource)
    __arm_cp.96_0                            0x08001ea8   Number         4  stm32f0xx_hal_tim.o(.text.HAL_TIM_ConfigClockSource)
    [Anonymous Symbol]                       0x08001eac   Section        0  stm32f0xx_hal_tim.o(.text.HAL_TIM_IC_CaptureCallback)
    [Anonymous Symbol]                       0x08001eb0   Section        0  stm32f0xx_hal_tim.o(.text.HAL_TIM_IC_ConfigChannel)
    [Anonymous Symbol]                       0x08001f62   Section        0  stm32f0xx_hal_tim.o(.text.HAL_TIM_IC_Init)
    [Anonymous Symbol]                       0x08001fa8   Section        0  stm32f0xx_hal_tim.o(.text.HAL_TIM_IC_MspInit)
    [Anonymous Symbol]                       0x08001fac   Section        0  stm32f0xx_hal_tim.o(.text.HAL_TIM_IC_Start_IT)
    __arm_cp.43_1                            0x08002090   Number         4  stm32f0xx_hal_tim.o(.text.HAL_TIM_IC_Start_IT)
    __arm_cp.43_2                            0x08002094   Number         4  stm32f0xx_hal_tim.o(.text.HAL_TIM_IC_Start_IT)
    [Anonymous Symbol]                       0x08002098   Section        0  stm32f0xx_hal_tim.o(.text.HAL_TIM_IRQHandler)
    [Anonymous Symbol]                       0x080021e0   Section        0  stm32f0xx_hal_msp.o(.text.HAL_TIM_MspPostInit)
    [Anonymous Symbol]                       0x08002230   Section        0  stm32f0xx_hal_tim.o(.text.HAL_TIM_OC_DelayElapsedCallback)
    [Anonymous Symbol]                       0x08002234   Section        0  stm32f0xx_hal_tim.o(.text.HAL_TIM_PWM_ConfigChannel)
    [Anonymous Symbol]                       0x080022f6   Section        0  stm32f0xx_hal_tim.o(.text.HAL_TIM_PWM_Init)
    [Anonymous Symbol]                       0x0800233c   Section        0  stm32f0xx_hal_tim.o(.text.HAL_TIM_PWM_MspInit)
    [Anonymous Symbol]                       0x0800233e   Section        0  stm32f0xx_hal_tim.o(.text.HAL_TIM_PWM_PulseFinishedCallback)
    [Anonymous Symbol]                       0x08002340   Section        0  stm32f0xx_hal_tim.o(.text.HAL_TIM_PWM_Start)
    __arm_cp.31_0                            0x080023e4   Number         4  stm32f0xx_hal_tim.o(.text.HAL_TIM_PWM_Start)
    __arm_cp.31_1                            0x080023e8   Number         4  stm32f0xx_hal_tim.o(.text.HAL_TIM_PWM_Start)
    __arm_cp.31_2                            0x080023ec   Number         4  stm32f0xx_hal_tim.o(.text.HAL_TIM_PWM_Start)
    __arm_cp.31_3                            0x080023f0   Number         4  stm32f0xx_hal_tim.o(.text.HAL_TIM_PWM_Start)
    __arm_cp.31_4                            0x080023f4   Number         4  stm32f0xx_hal_tim.o(.text.HAL_TIM_PWM_Start)
    [Anonymous Symbol]                       0x080023f8   Section        0  stm32f0xx_hal_tim.o(.text.HAL_TIM_PeriodElapsedCallback)
    [Anonymous Symbol]                       0x080023fa   Section        0  stm32f0xx_hal_tim.o(.text.HAL_TIM_TriggerCallback)
    [Anonymous Symbol]                       0x080023fc   Section        0  stm32f0xx_it.o(.text.HardFault_Handler)
    MX_ADC_Init                              0x08002401   Thumb Code   128  main.o(.text.MX_ADC_Init)
    [Anonymous Symbol]                       0x08002400   Section        0  main.o(.text.MX_ADC_Init)
    __arm_cp.3_0                             0x08002478   Number         4  main.o(.text.MX_ADC_Init)
    __arm_cp.3_1                             0x0800247c   Number         4  main.o(.text.MX_ADC_Init)
    MX_GPIO_Init                             0x08002481   Thumb Code    64  main.o(.text.MX_GPIO_Init)
    [Anonymous Symbol]                       0x08002480   Section        0  main.o(.text.MX_GPIO_Init)
    __arm_cp.2_0                             0x080024bc   Number         4  main.o(.text.MX_GPIO_Init)
    MX_TIM14_Init                            0x080024c1   Thumb Code    44  main.o(.text.MX_TIM14_Init)
    [Anonymous Symbol]                       0x080024c0   Section        0  main.o(.text.MX_TIM14_Init)
    __arm_cp.6_1                             0x080024e8   Number         4  main.o(.text.MX_TIM14_Init)
    MX_TIM1_Init                             0x080024ed   Thumb Code   248  main.o(.text.MX_TIM1_Init)
    [Anonymous Symbol]                       0x080024ec   Section        0  main.o(.text.MX_TIM1_Init)
    __arm_cp.4_0                             0x080025d8   Number         4  main.o(.text.MX_TIM1_Init)
    __arm_cp.4_1                             0x080025dc   Number         4  main.o(.text.MX_TIM1_Init)
    __arm_cp.4_2                             0x080025e0   Number         4  main.o(.text.MX_TIM1_Init)
    MX_TIM3_Init                             0x080025e5   Thumb Code   144  main.o(.text.MX_TIM3_Init)
    [Anonymous Symbol]                       0x080025e4   Section        0  main.o(.text.MX_TIM3_Init)
    __arm_cp.5_1                             0x0800266c   Number         4  main.o(.text.MX_TIM3_Init)
    __arm_cp.5_2                             0x08002670   Number         4  main.o(.text.MX_TIM3_Init)
    [Anonymous Symbol]                       0x08002674   Section        0  stm32f0xx_it.o(.text.NMI_Handler)
    [Anonymous Symbol]                       0x08002676   Section        0  stm32f0xx_it.o(.text.PendSV_Handler)
    [Anonymous Symbol]                       0x08002678   Section        0  stm32f0xx_it.o(.text.SVC_Handler)
    [Anonymous Symbol]                       0x0800267c   Section        0  control.o(.text.Set_fan_speed)
    SysTick_Config                           0x08002689   Thumb Code    40  stm32f0xx_hal_cortex.o(.text.SysTick_Config)
    [Anonymous Symbol]                       0x08002688   Section        0  stm32f0xx_hal_cortex.o(.text.SysTick_Config)
    __arm_cp.9_0                             0x080026ac   Number         4  stm32f0xx_hal_cortex.o(.text.SysTick_Config)
    [Anonymous Symbol]                       0x080026b0   Section        0  stm32f0xx_it.o(.text.SysTick_Handler)
    [Anonymous Symbol]                       0x080026b8   Section        0  main.o(.text.SystemClock_Config)
    [Anonymous Symbol]                       0x08002714   Section        0  system_stm32f0xx.o(.text.SystemInit)
    [Anonymous Symbol]                       0x08002718   Section        0  stm32f0xx_it.o(.text.TIM14_IRQHandler)
    __arm_cp.6_0                             0x08002760   Number         4  stm32f0xx_it.o(.text.TIM14_IRQHandler)
    __arm_cp.6_1                             0x08002764   Number         4  stm32f0xx_it.o(.text.TIM14_IRQHandler)
    __arm_cp.6_2                             0x08002768   Number         4  stm32f0xx_it.o(.text.TIM14_IRQHandler)
    __arm_cp.6_4                             0x0800276c   Number         4  stm32f0xx_it.o(.text.TIM14_IRQHandler)
    __arm_cp.6_5                             0x08002770   Number         4  stm32f0xx_it.o(.text.TIM14_IRQHandler)
    [Anonymous Symbol]                       0x08002774   Section        0  stm32f0xx_it.o(.text.TIM3_IRQHandler)
    __arm_cp.5_0                             0x080027d4   Number         4  stm32f0xx_it.o(.text.TIM3_IRQHandler)
    __arm_cp.5_1                             0x080027d8   Number         4  stm32f0xx_it.o(.text.TIM3_IRQHandler)
    __arm_cp.5_2                             0x080027dc   Number         4  stm32f0xx_it.o(.text.TIM3_IRQHandler)
    __arm_cp.5_3                             0x080027e0   Number         4  stm32f0xx_it.o(.text.TIM3_IRQHandler)
    __arm_cp.5_4                             0x080027e4   Number         4  stm32f0xx_it.o(.text.TIM3_IRQHandler)
    __arm_cp.5_5                             0x080027e8   Number         4  stm32f0xx_it.o(.text.TIM3_IRQHandler)
    __arm_cp.5_6                             0x080027ec   Number         4  stm32f0xx_it.o(.text.TIM3_IRQHandler)
    [Anonymous Symbol]                       0x080027f0   Section        0  stm32f0xx_hal_tim.o(.text.TIM_Base_SetConfig)
    __arm_cp.2_0                             0x0800286c   Number         4  stm32f0xx_hal_tim.o(.text.TIM_Base_SetConfig)
    __arm_cp.2_1                             0x08002870   Number         4  stm32f0xx_hal_tim.o(.text.TIM_Base_SetConfig)
    __arm_cp.2_2                             0x08002874   Number         4  stm32f0xx_hal_tim.o(.text.TIM_Base_SetConfig)
    __arm_cp.2_5                             0x08002878   Number         4  stm32f0xx_hal_tim.o(.text.TIM_Base_SetConfig)
    [Anonymous Symbol]                       0x0800287c   Section        0  stm32f0xx_hal_tim.o(.text.TIM_CCxChannelCmd)
    [Anonymous Symbol]                       0x08002896   Section        0  stm32f0xx_hal_tim.o(.text.TIM_ETR_SetConfig)
    TIM_ITRx_SetConfig                       0x080028ad   Thumb Code    16  stm32f0xx_hal_tim.o(.text.TIM_ITRx_SetConfig)
    [Anonymous Symbol]                       0x080028ac   Section        0  stm32f0xx_hal_tim.o(.text.TIM_ITRx_SetConfig)
    TIM_OC1_SetConfig                        0x080028bd   Thumb Code   116  stm32f0xx_hal_tim.o(.text.TIM_OC1_SetConfig)
    [Anonymous Symbol]                       0x080028bc   Section        0  stm32f0xx_hal_tim.o(.text.TIM_OC1_SetConfig)
    [Anonymous Symbol]                       0x08002930   Section        0  stm32f0xx_hal_tim.o(.text.TIM_OC2_SetConfig)
    TIM_OC3_SetConfig                        0x080029a1   Thumb Code   124  stm32f0xx_hal_tim.o(.text.TIM_OC3_SetConfig)
    [Anonymous Symbol]                       0x080029a0   Section        0  stm32f0xx_hal_tim.o(.text.TIM_OC3_SetConfig)
    __arm_cp.76_1                            0x08002a18   Number         4  stm32f0xx_hal_tim.o(.text.TIM_OC3_SetConfig)
    TIM_OC4_SetConfig                        0x08002a1d   Thumb Code    92  stm32f0xx_hal_tim.o(.text.TIM_OC4_SetConfig)
    [Anonymous Symbol]                       0x08002a1c   Section        0  stm32f0xx_hal_tim.o(.text.TIM_OC4_SetConfig)
    __arm_cp.77_1                            0x08002a70   Number         4  stm32f0xx_hal_tim.o(.text.TIM_OC4_SetConfig)
    __arm_cp.77_2                            0x08002a74   Number         4  stm32f0xx_hal_tim.o(.text.TIM_OC4_SetConfig)
    TIM_TI1_ConfigInputStage                 0x08002a79   Thumb Code    34  stm32f0xx_hal_tim.o(.text.TIM_TI1_ConfigInputStage)
    [Anonymous Symbol]                       0x08002a78   Section        0  stm32f0xx_hal_tim.o(.text.TIM_TI1_ConfigInputStage)
    [Anonymous Symbol]                       0x08002a9c   Section        0  stm32f0xx_hal_tim.o(.text.TIM_TI1_SetConfig)
    __arm_cp.79_0                            0x08002ad8   Number         4  stm32f0xx_hal_tim.o(.text.TIM_TI1_SetConfig)
    __arm_cp.79_1                            0x08002adc   Number         4  stm32f0xx_hal_tim.o(.text.TIM_TI1_SetConfig)
    TIM_TI2_ConfigInputStage                 0x08002ae1   Thumb Code    38  stm32f0xx_hal_tim.o(.text.TIM_TI2_ConfigInputStage)
    [Anonymous Symbol]                       0x08002ae0   Section        0  stm32f0xx_hal_tim.o(.text.TIM_TI2_ConfigInputStage)
    TIM_TI2_SetConfig                        0x08002b09   Thumb Code    52  stm32f0xx_hal_tim.o(.text.TIM_TI2_SetConfig)
    [Anonymous Symbol]                       0x08002b08   Section        0  stm32f0xx_hal_tim.o(.text.TIM_TI2_SetConfig)
    TIM_TI3_SetConfig                        0x08002b3d   Thumb Code    50  stm32f0xx_hal_tim.o(.text.TIM_TI3_SetConfig)
    [Anonymous Symbol]                       0x08002b3c   Section        0  stm32f0xx_hal_tim.o(.text.TIM_TI3_SetConfig)
    TIM_TI4_SetConfig                        0x08002b71   Thumb Code    60  stm32f0xx_hal_tim.o(.text.TIM_TI4_SetConfig)
    [Anonymous Symbol]                       0x08002b70   Section        0  stm32f0xx_hal_tim.o(.text.TIM_TI4_SetConfig)
    __arm_cp.82_0                            0x08002ba8   Number         4  stm32f0xx_hal_tim.o(.text.TIM_TI4_SetConfig)
    __NVIC_EnableIRQ                         0x08002bad   Thumb Code    24  stm32f0xx_hal_cortex.o(.text.__NVIC_EnableIRQ)
    [Anonymous Symbol]                       0x08002bac   Section        0  stm32f0xx_hal_cortex.o(.text.__NVIC_EnableIRQ)
    __arm_cp.3_0                             0x08002bc0   Number         4  stm32f0xx_hal_cortex.o(.text.__NVIC_EnableIRQ)
    __NVIC_SetPriority                       0x08002bc5   Thumb Code    64  stm32f0xx_hal_cortex.o(.text.__NVIC_SetPriority)
    [Anonymous Symbol]                       0x08002bc4   Section        0  stm32f0xx_hal_cortex.o(.text.__NVIC_SetPriority)
    __arm_cp.1_0                             0x08002bfc   Number         4  stm32f0xx_hal_cortex.o(.text.__NVIC_SetPriority)
    __arm_cp.1_1                             0x08002c00   Number         4  stm32f0xx_hal_cortex.o(.text.__NVIC_SetPriority)
    [Anonymous Symbol]                       0x08002c04   Section        0  main.o(.text.main)
    __arm_cp.0_0                             0x08002d78   Number         4  main.o(.text.main)
    __arm_cp.0_1                             0x08002d7c   Number         4  main.o(.text.main)
    __arm_cp.0_2                             0x08002d80   Number         4  main.o(.text.main)
    __arm_cp.0_3                             0x08002d84   Number         4  main.o(.text.main)
    __arm_cp.0_4                             0x08002d88   Number         4  main.o(.text.main)
    __arm_cp.0_5                             0x08002d8c   Number         4  main.o(.text.main)
    __arm_cp.0_6                             0x08002d90   Number         4  main.o(.text.main)
    __arm_cp.0_7                             0x08002d94   Number         4  main.o(.text.main)
    __arm_cp.0_8                             0x08002d98   Number         4  main.o(.text.main)
    __arm_cp.0_9                             0x08002d9c   Number         4  main.o(.text.main)
    __arm_cp.0_10                            0x08002da0   Number         4  main.o(.text.main)
    __arm_cp.0_11                            0x08002da4   Number         4  main.o(.text.main)
    __arm_cp.0_12                            0x08002da8   Number         4  main.o(.text.main)
    __arm_cp.0_13                            0x08002dac   Number         4  main.o(.text.main)
    __arm_cp.0_14                            0x08002db0   Number         4  main.o(.text.main)
    __arm_cp.0_15                            0x08002db4   Number         4  main.o(.text.main)
    __arm_cp.0_16                            0x08002db8   Number         4  main.o(.text.main)
    __arm_cp.0_17                            0x08002dbc   Number         4  main.o(.text.main)
    __arm_cp.0_18                            0x08002dc0   Number         4  main.o(.text.main)
    __arm_cp.0_19                            0x08002dc4   Number         4  main.o(.text.main)
    __arm_cp.0_20                            0x08002dc8   Number         4  main.o(.text.main)
    __arm_cp.0_21                            0x08002dcc   Number         4  main.o(.text.main)
    __arm_cp.0_22                            0x08002dd0   Number         4  main.o(.text.main)
    __arm_cp.0_23                            0x08002dd4   Number         4  main.o(.text.main)
    .text_divfast                            0x08002dd8   Section      502  aeabi_sdivfast.o(.text_divfast)
    i._dls                                   0x08002fce   Section        0  dcmp.o(i._dls)
    i._fgr                                   0x08002fe4   Section        0  fcmp.o(i._fgr)
    i._fleq                                  0x08002ffa   Section        0  fcmp.o(i._fleq)
    i._fls                                   0x08003014   Section        0  fcmp.o(i._fls)
    x$fpl$dleqf                              0x0800302c   Section      100  dlef.o(x$fpl$dleqf)
    x$fpl$fadd                               0x08003090   Section      140  faddsub.o(x$fpl$fadd)
    _fadd1                                   0x0800309d   Thumb Code     0  faddsub.o(x$fpl$fadd)
    x$fpl$fgeqf                              0x0800311c   Section       84  fgef.o(x$fpl$fgeqf)
    x$fpl$fleqf                              0x08003170   Section       84  flef.o(x$fpl$fleqf)
    x$fpl$fmul                               0x080031c4   Section      176  fmul.o(x$fpl$fmul)
    x$fpl$fsub                               0x08003274   Section      208  faddsub.o(x$fpl$fsub)
    _fsub1                                   0x08003281   Thumb Code     0  faddsub.o(x$fpl$fsub)
    ddiv_reciptbl                            0x08003344   Data         128  ddiv.o(.constdata)
    .constdata                               0x08003344   Section      128  ddiv.o(.constdata)
    x$fpl$usenofp                            0x08003344   Section        0  usenofp.o(x$fpl$usenofp)
    fdiv_tab                                 0x080033c4   Data          64  fdiv.o(.constdata)
    .constdata                               0x080033c4   Section       64  fdiv.o(.constdata)
    .bss                                     0x20000038   Section       96  libspace.o(.bss)
    Heap_Mem                                 0x200001d8   Data         512  startup_stm32f030x6.o(HEAP)
    HEAP                                     0x200001d8   Section      512  startup_stm32f030x6.o(HEAP)
    Stack_Mem                                0x200003d8   Data        1024  startup_stm32f030x6.o(STACK)
    STACK                                    0x200003d8   Section     1024  startup_stm32f030x6.o(STACK)
    __initial_sp                             0x200007d8   Data           0  startup_stm32f030x6.o(STACK)

    Global Symbols

    Symbol Name                              Value     Ov Type        Size  Object(Section)

    BuildAttributes$$THM_ISAv3M$S$PE$A:L22$X:L11$S22$IEEE1$IW$~IW$USESV6$~STKCKD$USESV7$~SHL$OTIME$ROPI$EBA8$UX$STANDARDLIB$REQ8$PRES8$EABIv2 0x00000000   Number         0  anon$$obj.o ABSOLUTE
    __ARM_exceptions_init                     - Undefined Weak Reference
    __alloca_initialize                       - Undefined Weak Reference
    __arm_preinit_                            - Undefined Weak Reference
    __cpp_initialize__aeabi_                  - Undefined Weak Reference
    __cxa_finalize                            - Undefined Weak Reference
    __rt_locale                               - Undefined Weak Reference
    __sigvec_lookup                           - Undefined Weak Reference
    _atexit_init                              - Undefined Weak Reference
    _call_atexit_fns                          - Undefined Weak Reference
    _clock_init                               - Undefined Weak Reference
    _fp_trap_init                             - Undefined Weak Reference
    _fp_trap_shutdown                         - Undefined Weak Reference
    _get_lc_collate                           - Undefined Weak Reference
    _get_lc_ctype                             - Undefined Weak Reference
    _get_lc_monetary                          - Undefined Weak Reference
    _get_lc_numeric                           - Undefined Weak Reference
    _get_lc_time                              - Undefined Weak Reference
    _getenv_init                              - Undefined Weak Reference
    _handle_redirection                       - Undefined Weak Reference
    _init_alloc                               - Undefined Weak Reference
    _init_user_alloc                          - Undefined Weak Reference
    _initio                                   - Undefined Weak Reference
    _rand_init                                - Undefined Weak Reference
    _signal_finish                            - Undefined Weak Reference
    _signal_init                              - Undefined Weak Reference
    _terminate_alloc                          - Undefined Weak Reference
    _terminate_user_alloc                     - Undefined Weak Reference
    _terminateio                              - Undefined Weak Reference
    __Vectors_Size                           0x000000b0   Number         0  startup_stm32f030x6.o ABSOLUTE
    __Vectors                                0x08000000   Data           4  startup_stm32f030x6.o(RESET)
    __Vectors_End                            0x080000b0   Data           0  startup_stm32f030x6.o(RESET)
    __main                                   0x080000b1   Thumb Code     8  __main.o(!!!main)
    __scatterload                            0x080000b9   Thumb Code     0  __scatter.o(!!!scatter)
    __scatterload_rt2                        0x080000b9   Thumb Code    52  __scatter.o(!!!scatter)
    __scatterload_rt2_thumb_only             0x080000b9   Thumb Code     0  __scatter.o(!!!scatter)
    __scatterload_null                       0x080000c9   Thumb Code     0  __scatter.o(!!!scatter)
    __scatterload_copy                       0x080000f5   Thumb Code    26  __scatter_copy.o(!!handler_copy)
    __scatterload_zeroinit                   0x08000111   Thumb Code    28  __scatter_zi.o(!!handler_zi)
    __rt_lib_init                            0x0800012d   Thumb Code     0  libinit.o(.ARM.Collect$$libinit$$00000000)
    __rt_lib_init_alloca_1                   0x0800012f   Thumb Code     0  libinit2.o(.ARM.Collect$$libinit$$0000002E)
    __rt_lib_init_argv_1                     0x0800012f   Thumb Code     0  libinit2.o(.ARM.Collect$$libinit$$0000002C)
    __rt_lib_init_atexit_1                   0x0800012f   Thumb Code     0  libinit2.o(.ARM.Collect$$libinit$$0000001B)
    __rt_lib_init_clock_1                    0x0800012f   Thumb Code     0  libinit2.o(.ARM.Collect$$libinit$$00000021)
    __rt_lib_init_cpp_1                      0x0800012f   Thumb Code     0  libinit2.o(.ARM.Collect$$libinit$$00000032)
    __rt_lib_init_exceptions_1               0x0800012f   Thumb Code     0  libinit2.o(.ARM.Collect$$libinit$$00000030)
    __rt_lib_init_fp_1                       0x0800012f   Thumb Code     0  libinit2.o(.ARM.Collect$$libinit$$00000002)
    __rt_lib_init_fp_trap_1                  0x0800012f   Thumb Code     0  libinit2.o(.ARM.Collect$$libinit$$0000001F)
    __rt_lib_init_getenv_1                   0x0800012f   Thumb Code     0  libinit2.o(.ARM.Collect$$libinit$$00000023)
    __rt_lib_init_heap_1                     0x0800012f   Thumb Code     0  libinit2.o(.ARM.Collect$$libinit$$0000000A)
    __rt_lib_init_lc_collate_1               0x0800012f   Thumb Code     0  libinit2.o(.ARM.Collect$$libinit$$00000011)
    __rt_lib_init_lc_ctype_1                 0x0800012f   Thumb Code     0  libinit2.o(.ARM.Collect$$libinit$$00000013)
    __rt_lib_init_lc_monetary_1              0x0800012f   Thumb Code     0  libinit2.o(.ARM.Collect$$libinit$$00000015)
    __rt_lib_init_lc_numeric_1               0x0800012f   Thumb Code     0  libinit2.o(.ARM.Collect$$libinit$$00000017)
    __rt_lib_init_lc_time_1                  0x0800012f   Thumb Code     0  libinit2.o(.ARM.Collect$$libinit$$00000019)
    __rt_lib_init_preinit_1                  0x0800012f   Thumb Code     0  libinit2.o(.ARM.Collect$$libinit$$00000004)
    __rt_lib_init_rand_1                     0x0800012f   Thumb Code     0  libinit2.o(.ARM.Collect$$libinit$$0000000E)
    __rt_lib_init_return                     0x0800012f   Thumb Code     0  libinit2.o(.ARM.Collect$$libinit$$00000033)
    __rt_lib_init_signal_1                   0x0800012f   Thumb Code     0  libinit2.o(.ARM.Collect$$libinit$$0000001D)
    __rt_lib_init_stdio_1                    0x0800012f   Thumb Code     0  libinit2.o(.ARM.Collect$$libinit$$00000025)
    __rt_lib_init_user_alloc_1               0x0800012f   Thumb Code     0  libinit2.o(.ARM.Collect$$libinit$$0000000C)
    __rt_lib_shutdown                        0x08000131   Thumb Code     0  libshutdown.o(.ARM.Collect$$libshutdown$$00000000)
    __rt_lib_shutdown_cpp_1                  0x08000133   Thumb Code     0  libshutdown2.o(.ARM.Collect$$libshutdown$$00000002)
    __rt_lib_shutdown_fp_trap_1              0x08000133   Thumb Code     0  libshutdown2.o(.ARM.Collect$$libshutdown$$00000007)
    __rt_lib_shutdown_heap_1                 0x08000133   Thumb Code     0  libshutdown2.o(.ARM.Collect$$libshutdown$$0000000F)
    __rt_lib_shutdown_return                 0x08000133   Thumb Code     0  libshutdown2.o(.ARM.Collect$$libshutdown$$00000010)
    __rt_lib_shutdown_signal_1               0x08000133   Thumb Code     0  libshutdown2.o(.ARM.Collect$$libshutdown$$0000000A)
    __rt_lib_shutdown_stdio_1                0x08000133   Thumb Code     0  libshutdown2.o(.ARM.Collect$$libshutdown$$00000004)
    __rt_lib_shutdown_user_alloc_1           0x08000133   Thumb Code     0  libshutdown2.o(.ARM.Collect$$libshutdown$$0000000C)
    __rt_entry                               0x08000135   Thumb Code     0  __rtentry.o(.ARM.Collect$$rtentry$$00000000)
    __rt_entry_presh_1                       0x08000135   Thumb Code     0  __rtentry2.o(.ARM.Collect$$rtentry$$00000002)
    __rt_entry_sh                            0x08000135   Thumb Code     0  __rtentry4.o(.ARM.Collect$$rtentry$$00000004)
    __rt_entry_li                            0x0800013b   Thumb Code     0  __rtentry2.o(.ARM.Collect$$rtentry$$0000000A)
    __rt_entry_postsh_1                      0x0800013b   Thumb Code     0  __rtentry2.o(.ARM.Collect$$rtentry$$00000009)
    __rt_entry_main                          0x0800013f   Thumb Code     0  __rtentry2.o(.ARM.Collect$$rtentry$$0000000D)
    __rt_entry_postli_1                      0x0800013f   Thumb Code     0  __rtentry2.o(.ARM.Collect$$rtentry$$0000000C)
    __rt_exit                                0x08000147   Thumb Code     0  rtexit.o(.ARM.Collect$$rtexit$$00000000)
    __rt_exit_ls                             0x08000149   Thumb Code     0  rtexit2.o(.ARM.Collect$$rtexit$$00000003)
    __rt_exit_prels_1                        0x08000149   Thumb Code     0  rtexit2.o(.ARM.Collect$$rtexit$$00000002)
    __rt_exit_exit                           0x0800014d   Thumb Code     0  rtexit2.o(.ARM.Collect$$rtexit$$00000004)
    Reset_Handler                            0x08000155   Thumb Code     8  startup_stm32f030x6.o(.text)
    ADC1_IRQHandler                          0x08000167   Thumb Code     0  startup_stm32f030x6.o(.text)
    DMA1_Channel1_IRQHandler                 0x08000167   Thumb Code     0  startup_stm32f030x6.o(.text)
    DMA1_Channel2_3_IRQHandler               0x08000167   Thumb Code     0  startup_stm32f030x6.o(.text)
    DMA1_Channel4_5_IRQHandler               0x08000167   Thumb Code     0  startup_stm32f030x6.o(.text)
    EXTI0_1_IRQHandler                       0x08000167   Thumb Code     0  startup_stm32f030x6.o(.text)
    EXTI2_3_IRQHandler                       0x08000167   Thumb Code     0  startup_stm32f030x6.o(.text)
    EXTI4_15_IRQHandler                      0x08000167   Thumb Code     0  startup_stm32f030x6.o(.text)
    FLASH_IRQHandler                         0x08000167   Thumb Code     0  startup_stm32f030x6.o(.text)
    I2C1_IRQHandler                          0x08000167   Thumb Code     0  startup_stm32f030x6.o(.text)
    RCC_IRQHandler                           0x08000167   Thumb Code     0  startup_stm32f030x6.o(.text)
    RTC_IRQHandler                           0x08000167   Thumb Code     0  startup_stm32f030x6.o(.text)
    SPI1_IRQHandler                          0x08000167   Thumb Code     0  startup_stm32f030x6.o(.text)
    TIM16_IRQHandler                         0x08000167   Thumb Code     0  startup_stm32f030x6.o(.text)
    TIM17_IRQHandler                         0x08000167   Thumb Code     0  startup_stm32f030x6.o(.text)
    TIM1_BRK_UP_TRG_COM_IRQHandler           0x08000167   Thumb Code     0  startup_stm32f030x6.o(.text)
    TIM1_CC_IRQHandler                       0x08000167   Thumb Code     0  startup_stm32f030x6.o(.text)
    USART1_IRQHandler                        0x08000167   Thumb Code     0  startup_stm32f030x6.o(.text)
    WWDG_IRQHandler                          0x08000167   Thumb Code     0  startup_stm32f030x6.o(.text)
    __user_initial_stackheap                 0x08000169   Thumb Code     0  startup_stm32f030x6.o(.text)
    _memset_w                                0x0800018d   Thumb Code    26  rt_memclr.o(.text)
    _memset                                  0x080001a7   Thumb Code    30  rt_memclr.o(.text)
    __aeabi_memclr                           0x080001c5   Thumb Code     4  rt_memclr.o(.text)
    __rt_memclr                              0x080001c5   Thumb Code     0  rt_memclr.o(.text)
    __aeabi_memclr4                          0x080001c9   Thumb Code     0  rt_memclr.o(.text)
    __aeabi_memclr8                          0x080001c9   Thumb Code     0  rt_memclr.o(.text)
    __rt_memclr_w                            0x080001c9   Thumb Code     4  rt_memclr.o(.text)
    __use_two_region_memory                  0x080001cd   Thumb Code     2  heapauxi.o(.text)
    __rt_heap_escrow$2region                 0x080001cf   Thumb Code     2  heapauxi.o(.text)
    __rt_heap_expand$2region                 0x080001d1   Thumb Code     2  heapauxi.o(.text)
    __aeabi_d2f                              0x080001d5   Thumb Code     0  d2f.o(.text)
    _d2f                                     0x080001d5   Thumb Code   120  d2f.o(.text)
    __aeabi_dadd                             0x08000549   Thumb Code     0  daddsub.o(.text)
    _dadd                                    0x08000549   Thumb Code    26  daddsub.o(.text)
    __aeabi_dsub                             0x08000563   Thumb Code     0  daddsub.o(.text)
    _dsub                                    0x08000563   Thumb Code    22  daddsub.o(.text)
    __aeabi_drsub                            0x08000579   Thumb Code     0  daddsub.o(.text)
    _drsb                                    0x08000579   Thumb Code    28  daddsub.o(.text)
    __aeabi_ddiv                             0x080005a9   Thumb Code     0  ddiv.o(.text)
    _ddiv                                    0x080005a9   Thumb Code  1072  ddiv.o(.text)
    _drdiv                                   0x080009d9   Thumb Code    20  ddiv.o(.text)
    __aeabi_f2d                              0x080009f1   Thumb Code     0  f2d.o(.text)
    _f2d                                     0x080009f1   Thumb Code    80  f2d.o(.text)
    __aeabi_fdiv                             0x08000a45   Thumb Code     0  fdiv.o(.text)
    _fdiv                                    0x08000a45   Thumb Code   334  fdiv.o(.text)
    _frdiv                                   0x08000b93   Thumb Code     8  fdiv.o(.text)
    __aeabi_f2iz                             0x08000ba5   Thumb Code     0  ffixi.o(.text)
    _ffix                                    0x08000ba5   Thumb Code    76  ffixi.o(.text)
    __aeabi_i2f_normalise                    0x08000bf1   Thumb Code    72  fflti.o(.text)
    __aeabi_i2f                              0x08000c39   Thumb Code    16  fflti.o(.text)
    _fflt                                    0x08000c39   Thumb Code     0  fflti.o(.text)
    __aeabi_ui2f                             0x08000c49   Thumb Code     6  fflti.o(.text)
    _ffltu                                   0x08000c49   Thumb Code     0  fflti.o(.text)
    __fpl_dcmp_InfNaN                        0x08000c51   Thumb Code   154  dcmpin.o(.text)
    __fpl_fcmp_InfNaN                        0x08000cf1   Thumb Code    96  fcmpin.o(.text)
    __user_setup_stackheap                   0x08000d55   Thumb Code    62  sys_stackheap_outer.o(.text)
    exit                                     0x08000d93   Thumb Code    16  exit.o(.text)
    __fpl_cmpreturn                          0x08000da3   Thumb Code    46  cmpret.o(.text)
    __fpl_dcheck_NaN2                        0x08000dd1   Thumb Code    14  dnan2.o(.text)
    __fpl_fcheck_NaN2                        0x08000de5   Thumb Code    10  fnan2.o(.text)
    __user_libspace                          0x08000df5   Thumb Code     8  libspace.o(.text)
    __user_perproc_libspace                  0x08000df5   Thumb Code     0  libspace.o(.text)
    __user_perthread_libspace                0x08000df5   Thumb Code     0  libspace.o(.text)
    __fpl_return_NaN                         0x08000dfd   Thumb Code    94  retnan.o(.text)
    _sys_exit                                0x08000e5d   Thumb Code     8  sys_exit.o(.text)
    __I$use$semihosting                      0x08000e69   Thumb Code     0  use_no_semi.o(.text)
    __use_no_semihosting_swi                 0x08000e69   Thumb Code     2  use_no_semi.o(.text)
    __semihosting_library_function           0x08000e6b   Thumb Code     0  indicate_semi.o(.text)
    Error_Handler                            0x08000f19   Thumb Code     8  main.o(.text.Error_Handler)
    Fan_pid                                  0x08000f21   Thumb Code   200  control.o(.text.Fan_pid)
    HAL_ADC_ConfigChannel                    0x08000fe9   Thumb Code   268  stm32f0xx_hal_adc.o(.text.HAL_ADC_ConfigChannel)
    HAL_ADC_GetState                         0x080010f5   Thumb Code     4  stm32f0xx_hal_adc.o(.text.HAL_ADC_GetState)
    HAL_ADC_GetValue                         0x080010f9   Thumb Code     6  stm32f0xx_hal_adc.o(.text.HAL_ADC_GetValue)
    HAL_ADC_Init                             0x08001101   Thumb Code   340  stm32f0xx_hal_adc.o(.text.HAL_ADC_Init)
    HAL_ADC_MspInit                          0x08001255   Thumb Code    96  stm32f0xx_hal_msp.o(.text.HAL_ADC_MspInit)
    HAL_ADC_PollForConversion                0x080012b5   Thumb Code   204  stm32f0xx_hal_adc.o(.text.HAL_ADC_PollForConversion)
    HAL_ADC_Start                            0x08001381   Thumb Code    96  stm32f0xx_hal_adc.o(.text.HAL_ADC_Start)
    HAL_GPIO_Init                            0x080013e1   Thumb Code   396  stm32f0xx_hal_gpio.o(.text.HAL_GPIO_Init)
    HAL_GetTick                              0x0800156d   Thumb Code     8  stm32f0xx_hal.o(.text.HAL_GetTick)
    HAL_IncTick                              0x08001575   Thumb Code    20  stm32f0xx_hal.o(.text.HAL_IncTick)
    HAL_Init                                 0x08001589   Thumb Code    28  stm32f0xx_hal.o(.text.HAL_Init)
    HAL_InitTick                             0x080015a5   Thumb Code    68  stm32f0xx_hal.o(.text.HAL_InitTick)
    HAL_MspInit                              0x080015e9   Thumb Code    44  stm32f0xx_hal_msp.o(.text.HAL_MspInit)
    HAL_NVIC_EnableIRQ                       0x08001615   Thumb Code     8  stm32f0xx_hal_cortex.o(.text.HAL_NVIC_EnableIRQ)
    HAL_NVIC_SetPriority                     0x0800161d   Thumb Code     8  stm32f0xx_hal_cortex.o(.text.HAL_NVIC_SetPriority)
    HAL_RCC_ClockConfig                      0x08001625   Thumb Code   280  stm32f0xx_hal_rcc.o(.text.HAL_RCC_ClockConfig)
    HAL_RCC_GetSysClockFreq                  0x0800173d   Thumb Code    96  stm32f0xx_hal_rcc.o(.text.HAL_RCC_GetSysClockFreq)
    HAL_RCC_OscConfig                        0x0800179d   Thumb Code   988  stm32f0xx_hal_rcc.o(.text.HAL_RCC_OscConfig)
    HAL_SYSTICK_Config                       0x08001b79   Thumb Code     8  stm32f0xx_hal_cortex.o(.text.HAL_SYSTICK_Config)
    HAL_TIMEx_BreakCallback                  0x08001b81   Thumb Code     2  stm32f0xx_hal_tim_ex.o(.text.HAL_TIMEx_BreakCallback)
    HAL_TIMEx_CommutCallback                 0x08001b83   Thumb Code     2  stm32f0xx_hal_tim_ex.o(.text.HAL_TIMEx_CommutCallback)
    HAL_TIMEx_ConfigBreakDeadTime            0x08001b85   Thumb Code    90  stm32f0xx_hal_tim_ex.o(.text.HAL_TIMEx_ConfigBreakDeadTime)
    HAL_TIMEx_MasterConfigSynchronization    0x08001be1   Thumb Code    72  stm32f0xx_hal_tim_ex.o(.text.HAL_TIMEx_MasterConfigSynchronization)
    HAL_TIM_Base_Init                        0x08001c29   Thumb Code    70  stm32f0xx_hal_tim.o(.text.HAL_TIM_Base_Init)
    HAL_TIM_Base_MspInit                     0x08001c71   Thumb Code   196  stm32f0xx_hal_msp.o(.text.HAL_TIM_Base_MspInit)
    HAL_TIM_Base_Start                       0x08001d35   Thumb Code    68  stm32f0xx_hal_tim.o(.text.HAL_TIM_Base_Start)
    HAL_TIM_Base_Start_IT                    0x08001d79   Thumb Code    80  stm32f0xx_hal_tim.o(.text.HAL_TIM_Base_Start_IT)
    HAL_TIM_ConfigClockSource                0x08001dc9   Thumb Code   228  stm32f0xx_hal_tim.o(.text.HAL_TIM_ConfigClockSource)
    HAL_TIM_IC_CaptureCallback               0x08001ead   Thumb Code     2  stm32f0xx_hal_tim.o(.text.HAL_TIM_IC_CaptureCallback)
    HAL_TIM_IC_ConfigChannel                 0x08001eb1   Thumb Code   178  stm32f0xx_hal_tim.o(.text.HAL_TIM_IC_ConfigChannel)
    HAL_TIM_IC_Init                          0x08001f63   Thumb Code    70  stm32f0xx_hal_tim.o(.text.HAL_TIM_IC_Init)
    HAL_TIM_IC_MspInit                       0x08001fa9   Thumb Code     2  stm32f0xx_hal_tim.o(.text.HAL_TIM_IC_MspInit)
    HAL_TIM_IC_Start_IT                      0x08001fad   Thumb Code   236  stm32f0xx_hal_tim.o(.text.HAL_TIM_IC_Start_IT)
    HAL_TIM_IRQHandler                       0x08002099   Thumb Code   328  stm32f0xx_hal_tim.o(.text.HAL_TIM_IRQHandler)
    HAL_TIM_MspPostInit                      0x080021e1   Thumb Code    80  stm32f0xx_hal_msp.o(.text.HAL_TIM_MspPostInit)
    HAL_TIM_OC_DelayElapsedCallback          0x08002231   Thumb Code     2  stm32f0xx_hal_tim.o(.text.HAL_TIM_OC_DelayElapsedCallback)
    HAL_TIM_PWM_ConfigChannel                0x08002235   Thumb Code   194  stm32f0xx_hal_tim.o(.text.HAL_TIM_PWM_ConfigChannel)
    HAL_TIM_PWM_Init                         0x080022f7   Thumb Code    70  stm32f0xx_hal_tim.o(.text.HAL_TIM_PWM_Init)
    HAL_TIM_PWM_MspInit                      0x0800233d   Thumb Code     2  stm32f0xx_hal_tim.o(.text.HAL_TIM_PWM_MspInit)
    HAL_TIM_PWM_PulseFinishedCallback        0x0800233f   Thumb Code     2  stm32f0xx_hal_tim.o(.text.HAL_TIM_PWM_PulseFinishedCallback)
    HAL_TIM_PWM_Start                        0x08002341   Thumb Code   184  stm32f0xx_hal_tim.o(.text.HAL_TIM_PWM_Start)
    HAL_TIM_PeriodElapsedCallback            0x080023f9   Thumb Code     2  stm32f0xx_hal_tim.o(.text.HAL_TIM_PeriodElapsedCallback)
    HAL_TIM_TriggerCallback                  0x080023fb   Thumb Code     2  stm32f0xx_hal_tim.o(.text.HAL_TIM_TriggerCallback)
    HardFault_Handler                        0x080023fd   Thumb Code     2  stm32f0xx_it.o(.text.HardFault_Handler)
    NMI_Handler                              0x08002675   Thumb Code     2  stm32f0xx_it.o(.text.NMI_Handler)
    PendSV_Handler                           0x08002677   Thumb Code     2  stm32f0xx_it.o(.text.PendSV_Handler)
    SVC_Handler                              0x08002679   Thumb Code     2  stm32f0xx_it.o(.text.SVC_Handler)
    Set_fan_speed                            0x0800267d   Thumb Code    12  control.o(.text.Set_fan_speed)
    SysTick_Handler                          0x080026b1   Thumb Code     8  stm32f0xx_it.o(.text.SysTick_Handler)
    SystemClock_Config                       0x080026b9   Thumb Code    92  main.o(.text.SystemClock_Config)
    SystemInit                               0x08002715   Thumb Code     2  system_stm32f0xx.o(.text.SystemInit)
    TIM14_IRQHandler                         0x08002719   Thumb Code    92  stm32f0xx_it.o(.text.TIM14_IRQHandler)
    TIM3_IRQHandler                          0x08002775   Thumb Code   124  stm32f0xx_it.o(.text.TIM3_IRQHandler)
    TIM_Base_SetConfig                       0x080027f1   Thumb Code   140  stm32f0xx_hal_tim.o(.text.TIM_Base_SetConfig)
    TIM_CCxChannelCmd                        0x0800287d   Thumb Code    26  stm32f0xx_hal_tim.o(.text.TIM_CCxChannelCmd)
    TIM_ETR_SetConfig                        0x08002897   Thumb Code    22  stm32f0xx_hal_tim.o(.text.TIM_ETR_SetConfig)
    TIM_OC2_SetConfig                        0x08002931   Thumb Code   112  stm32f0xx_hal_tim.o(.text.TIM_OC2_SetConfig)
    TIM_TI1_SetConfig                        0x08002a9d   Thumb Code    68  stm32f0xx_hal_tim.o(.text.TIM_TI1_SetConfig)
    main                                     0x08002c05   Thumb Code   468  main.o(.text.main)
    __aeabi_uidiv                            0x08002dd9   Thumb Code    68  aeabi_sdivfast.o(.text_divfast)
    __aeabi_idiv                             0x08002e1d   Thumb Code   434  aeabi_sdivfast.o(.text_divfast)
    __aeabi_dcmplt                           0x08002fcf   Thumb Code     0  dcmp.o(i._dls)
    _dls                                     0x08002fcf   Thumb Code    22  dcmp.o(i._dls)
    __aeabi_fcmpgt                           0x08002fe5   Thumb Code     0  fcmp.o(i._fgr)
    _fgr                                     0x08002fe5   Thumb Code    22  fcmp.o(i._fgr)
    __aeabi_fcmple                           0x08002ffb   Thumb Code     0  fcmp.o(i._fleq)
    _fleq                                    0x08002ffb   Thumb Code    26  fcmp.o(i._fleq)
    __aeabi_fcmplt                           0x08003015   Thumb Code     0  fcmp.o(i._fls)
    _fls                                     0x08003015   Thumb Code    22  fcmp.o(i._fls)
    __aeabi_cdcmple                          0x0800302d   Thumb Code     0  dlef.o(x$fpl$dleqf)
    _dcmple                                  0x0800302d   Thumb Code    94  dlef.o(x$fpl$dleqf)
    __aeabi_fadd                             0x08003091   Thumb Code     0  faddsub.o(x$fpl$fadd)
    _fadd                                    0x08003091   Thumb Code   134  faddsub.o(x$fpl$fadd)
    _fcmpge                                  0x0800311d   Thumb Code    78  fgef.o(x$fpl$fgeqf)
    __aeabi_cfcmple                          0x08003171   Thumb Code     0  flef.o(x$fpl$fleqf)
    _fcmple                                  0x08003171   Thumb Code    78  flef.o(x$fpl$fleqf)
    __aeabi_fmul                             0x080031c5   Thumb Code     0  fmul.o(x$fpl$fmul)
    _fmul                                    0x080031c5   Thumb Code   172  fmul.o(x$fpl$fmul)
    __aeabi_fsub                             0x08003275   Thumb Code     0  faddsub.o(x$fpl$fsub)
    _fsub                                    0x08003275   Thumb Code   204  faddsub.o(x$fpl$fsub)
    __I$use$fp                               0x08003344   Number         0  usenofp.o(x$fpl$usenofp)
    AHBPrescTable                            0x08003404   Data          16  system_stm32f0xx.o(.rodata.AHBPrescTable)
    Region$$Table$$Base                      0x08003414   Number         0  anon$$obj.o(Region$$Table)
    Region$$Table$$Limit                     0x08003434   Number         0  anon$$obj.o(Region$$Table)
    SystemCoreClock                          0x20000000   Data           4  system_stm32f0xx.o(.data.SystemCoreClock)
    fan_set                                  0x20000004   Data           4  main.o(.data.fan_set)
    speed_pid                                0x20000008   Data          36  control.o(.data.speed_pid)
    temp_set                                 0x2000002c   Data           4  main.o(.data.temp_set)
    uwTickFreq                               0x20000030   Data           1  stm32f0xx_hal.o(.data.uwTickFreq)
    uwTickPrio                               0x20000034   Data           4  stm32f0xx_hal.o(.data.uwTickPrio)
    __libspace_start                         0x20000038   Data          96  libspace.o(.bss)
    Fan_speed                                0x20000098   Data           4  main.o(.bss.Fan_speed)
    __temporary_stack_top$libspace           0x20000098   Data           0  libspace.o(.bss)
    Fan_speed_show                           0x2000009c   Data           4  main.o(.bss.Fan_speed_show)
    hadc                                     0x200000a0   Data          64  main.o(.bss.hadc)
    heat                                     0x200000e0   Data           4  main.o(.bss.heat)
    htim1                                    0x200000e4   Data          72  main.o(.bss.htim1)
    htim14                                   0x2000012c   Data          72  main.o(.bss.htim14)
    htim3                                    0x20000174   Data          72  main.o(.bss.htim3)
    temp                                     0x200001bc   Data           4  main.o(.bss.temp)
    temp_show                                0x200001c0   Data           4  main.o(.bss.temp_show)
    tim3_count_50ms                          0x200001c4   Data           2  main.o(.bss.tim3_count_50ms)
    uwTick                                   0x200001c8   Data           4  stm32f0xx_hal.o(.bss.uwTick)
    v_fin                                    0x200001cc   Data           2  main.o(.bss.v_fin)
    v_tim                                    0x200001d0   Data           4  main.o(.bss.v_tim)
    voltage                                  0x200001d4   Data           2  main.o(.bss.voltage)



==============================================================================

Memory Map of the image

  Image Entry point : 0x080000b1

  Load Region LR_IROM1 (Base: 0x08000000, Size: 0x00003470, Max: 0x00008000, ABSOLUTE)

    Execution Region ER_IROM1 (Exec base: 0x08000000, Load base: 0x08000000, Size: 0x00003434, Max: 0x00008000, ABSOLUTE)

    Exec Addr    Load Addr    Size         Type   Attr      Idx    E Section Name        Object

    0x08000000   0x08000000   0x000000b0   Data   RO            3    RESET               startup_stm32f030x6.o
    0x080000b0   0x080000b0   0x00000008   Code   RO         1084  * !!!main             c_p.l(__main.o)
    0x080000b8   0x080000b8   0x0000003c   Code   RO         1332    !!!scatter          c_p.l(__scatter.o)
    0x080000f4   0x080000f4   0x0000001a   Code   RO         1334    !!handler_copy      c_p.l(__scatter_copy.o)
    0x0800010e   0x0800010e   0x00000002   PAD
    0x08000110   0x08000110   0x0000001c   Code   RO         1336    !!handler_zi        c_p.l(__scatter_zi.o)
    0x0800012c   0x0800012c   0x00000002   Code   RO         1187    .ARM.Collect$$libinit$$00000000  c_p.l(libinit.o)
    0x0800012e   0x0800012e   0x00000000   Code   RO         1207    .ARM.Collect$$libinit$$00000002  c_p.l(libinit2.o)
    0x0800012e   0x0800012e   0x00000000   Code   RO         1209    .ARM.Collect$$libinit$$00000004  c_p.l(libinit2.o)
    0x0800012e   0x0800012e   0x00000000   Code   RO         1212    .ARM.Collect$$libinit$$0000000A  c_p.l(libinit2.o)
    0x0800012e   0x0800012e   0x00000000   Code   RO         1214    .ARM.Collect$$libinit$$0000000C  c_p.l(libinit2.o)
    0x0800012e   0x0800012e   0x00000000   Code   RO         1216    .ARM.Collect$$libinit$$0000000E  c_p.l(libinit2.o)
    0x0800012e   0x0800012e   0x00000000   Code   RO         1219    .ARM.Collect$$libinit$$00000011  c_p.l(libinit2.o)
    0x0800012e   0x0800012e   0x00000000   Code   RO         1221    .ARM.Collect$$libinit$$00000013  c_p.l(libinit2.o)
    0x0800012e   0x0800012e   0x00000000   Code   RO         1223    .ARM.Collect$$libinit$$00000015  c_p.l(libinit2.o)
    0x0800012e   0x0800012e   0x00000000   Code   RO         1225    .ARM.Collect$$libinit$$00000017  c_p.l(libinit2.o)
    0x0800012e   0x0800012e   0x00000000   Code   RO         1227    .ARM.Collect$$libinit$$00000019  c_p.l(libinit2.o)
    0x0800012e   0x0800012e   0x00000000   Code   RO         1229    .ARM.Collect$$libinit$$0000001B  c_p.l(libinit2.o)
    0x0800012e   0x0800012e   0x00000000   Code   RO         1231    .ARM.Collect$$libinit$$0000001D  c_p.l(libinit2.o)
    0x0800012e   0x0800012e   0x00000000   Code   RO         1233    .ARM.Collect$$libinit$$0000001F  c_p.l(libinit2.o)
    0x0800012e   0x0800012e   0x00000000   Code   RO         1235    .ARM.Collect$$libinit$$00000021  c_p.l(libinit2.o)
    0x0800012e   0x0800012e   0x00000000   Code   RO         1237    .ARM.Collect$$libinit$$00000023  c_p.l(libinit2.o)
    0x0800012e   0x0800012e   0x00000000   Code   RO         1239    .ARM.Collect$$libinit$$00000025  c_p.l(libinit2.o)
    0x0800012e   0x0800012e   0x00000000   Code   RO         1243    .ARM.Collect$$libinit$$0000002C  c_p.l(libinit2.o)
    0x0800012e   0x0800012e   0x00000000   Code   RO         1245    .ARM.Collect$$libinit$$0000002E  c_p.l(libinit2.o)
    0x0800012e   0x0800012e   0x00000000   Code   RO         1247    .ARM.Collect$$libinit$$00000030  c_p.l(libinit2.o)
    0x0800012e   0x0800012e   0x00000000   Code   RO         1249    .ARM.Collect$$libinit$$00000032  c_p.l(libinit2.o)
    0x0800012e   0x0800012e   0x00000002   Code   RO         1250    .ARM.Collect$$libinit$$00000033  c_p.l(libinit2.o)
    0x08000130   0x08000130   0x00000002   Code   RO         1287    .ARM.Collect$$libshutdown$$00000000  c_p.l(libshutdown.o)
    0x08000132   0x08000132   0x00000000   Code   RO         1315    .ARM.Collect$$libshutdown$$00000002  c_p.l(libshutdown2.o)
    0x08000132   0x08000132   0x00000000   Code   RO         1317    .ARM.Collect$$libshutdown$$00000004  c_p.l(libshutdown2.o)
    0x08000132   0x08000132   0x00000000   Code   RO         1320    .ARM.Collect$$libshutdown$$00000007  c_p.l(libshutdown2.o)
    0x08000132   0x08000132   0x00000000   Code   RO         1323    .ARM.Collect$$libshutdown$$0000000A  c_p.l(libshutdown2.o)
    0x08000132   0x08000132   0x00000000   Code   RO         1325    .ARM.Collect$$libshutdown$$0000000C  c_p.l(libshutdown2.o)
    0x08000132   0x08000132   0x00000000   Code   RO         1328    .ARM.Collect$$libshutdown$$0000000F  c_p.l(libshutdown2.o)
    0x08000132   0x08000132   0x00000002   Code   RO         1329    .ARM.Collect$$libshutdown$$00000010  c_p.l(libshutdown2.o)
    0x08000134   0x08000134   0x00000000   Code   RO         1134    .ARM.Collect$$rtentry$$00000000  c_p.l(__rtentry.o)
    0x08000134   0x08000134   0x00000000   Code   RO         1153    .ARM.Collect$$rtentry$$00000002  c_p.l(__rtentry2.o)
    0x08000134   0x08000134   0x00000006   Code   RO         1165    .ARM.Collect$$rtentry$$00000004  c_p.l(__rtentry4.o)
    0x0800013a   0x0800013a   0x00000000   Code   RO         1155    .ARM.Collect$$rtentry$$00000009  c_p.l(__rtentry2.o)
    0x0800013a   0x0800013a   0x00000004   Code   RO         1156    .ARM.Collect$$rtentry$$0000000A  c_p.l(__rtentry2.o)
    0x0800013e   0x0800013e   0x00000000   Code   RO         1158    .ARM.Collect$$rtentry$$0000000C  c_p.l(__rtentry2.o)
    0x0800013e   0x0800013e   0x00000008   Code   RO         1159    .ARM.Collect$$rtentry$$0000000D  c_p.l(__rtentry2.o)
    0x08000146   0x08000146   0x00000002   Code   RO         1198    .ARM.Collect$$rtexit$$00000000  c_p.l(rtexit.o)
    0x08000148   0x08000148   0x00000000   Code   RO         1258    .ARM.Collect$$rtexit$$00000002  c_p.l(rtexit2.o)
    0x08000148   0x08000148   0x00000004   Code   RO         1259    .ARM.Collect$$rtexit$$00000003  c_p.l(rtexit2.o)
    0x0800014c   0x0800014c   0x00000006   Code   RO         1260    .ARM.Collect$$rtexit$$00000004  c_p.l(rtexit2.o)
    0x08000152   0x08000152   0x00000002   PAD
    0x08000154   0x08000154   0x00000038   Code   RO            4    .text               startup_stm32f030x6.o
    0x0800018c   0x0800018c   0x00000040   Code   RO         1072    .text               c_p.l(rt_memclr.o)
    0x080001cc   0x080001cc   0x00000006   Code   RO         1082    .text               c_p.l(heapauxi.o)
    0x080001d2   0x080001d2   0x00000002   PAD
    0x080001d4   0x080001d4   0x0000007c   Code   RO         1086    .text               fz_ps.l(d2f.o)
    0x08000250   0x08000250   0x00000358   Code   RO         1088    .text               fz_ps.l(daddsub.o)
    0x080005a8   0x080005a8   0x00000448   Code   RO         1102    .text               fz_ps.l(ddiv.o)
    0x080009f0   0x080009f0   0x00000054   Code   RO         1105    .text               fz_ps.l(f2d.o)
    0x08000a44   0x08000a44   0x00000160   Code   RO         1125    .text               fz_ps.l(fdiv.o)
    0x08000ba4   0x08000ba4   0x0000004c   Code   RO         1128    .text               fz_ps.l(ffixi.o)
    0x08000bf0   0x08000bf0   0x0000005e   Code   RO         1130    .text               fz_ps.l(fflti.o)
    0x08000c4e   0x08000c4e   0x00000002   PAD
    0x08000c50   0x08000c50   0x000000a0   Code   RO         1169    .text               fz_ps.l(dcmpin.o)
    0x08000cf0   0x08000cf0   0x00000064   Code   RO         1171    .text               fz_ps.l(fcmpin.o)
    0x08000d54   0x08000d54   0x0000003e   Code   RO         1173    .text               c_p.l(sys_stackheap_outer.o)
    0x08000d92   0x08000d92   0x00000010   Code   RO         1176    .text               c_p.l(exit.o)
    0x08000da2   0x08000da2   0x0000002e   Code   RO         1188    .text               fz_ps.l(cmpret.o)
    0x08000dd0   0x08000dd0   0x00000014   Code   RO         1190    .text               fz_ps.l(dnan2.o)
    0x08000de4   0x08000de4   0x00000010   Code   RO         1192    .text               fz_ps.l(fnan2.o)
    0x08000df4   0x08000df4   0x00000008   Code   RO         1194    .text               c_p.l(libspace.o)
    0x08000dfc   0x08000dfc   0x0000005e   Code   RO         1251    .text               fz_ps.l(retnan.o)
    0x08000e5a   0x08000e5a   0x00000002   PAD
    0x08000e5c   0x08000e5c   0x0000000c   Code   RO         1253    .text               c_p.l(sys_exit.o)
    0x08000e68   0x08000e68   0x00000002   Code   RO         1276    .text               c_p.l(use_no_semi.o)
    0x08000e6a   0x08000e6a   0x00000000   Code   RO         1278    .text               c_p.l(indicate_semi.o)
    0x08000e6a   0x08000e6a   0x00000002   PAD
    0x08000e6c   0x08000e6c   0x000000ac   Code   RO          124    .text.ADC_Enable    stm32f0xx_hal_adc.o
    0x08000f18   0x08000f18   0x00000008   Code   RO           38    .text.Error_Handler  main.o
    0x08000f20   0x08000f20   0x000000c8   Code   RO           11    .text.Fan_pid       control.o
    0x08000fe8   0x08000fe8   0x0000010c   Code   RO          158    .text.HAL_ADC_ConfigChannel  stm32f0xx_hal_adc.o
    0x080010f4   0x080010f4   0x00000004   Code   RO          162    .text.HAL_ADC_GetState  stm32f0xx_hal_adc.o
    0x080010f8   0x080010f8   0x00000006   Code   RO          146    .text.HAL_ADC_GetValue  stm32f0xx_hal_adc.o
    0x080010fe   0x080010fe   0x00000002   PAD
    0x08001100   0x08001100   0x00000154   Code   RO          110    .text.HAL_ADC_Init  stm32f0xx_hal_adc.o
    0x08001254   0x08001254   0x00000060   Code   RO           92    .text.HAL_ADC_MspInit  stm32f0xx_hal_msp.o
    0x080012b4   0x080012b4   0x000000cc   Code   RO          128    .text.HAL_ADC_PollForConversion  stm32f0xx_hal_adc.o
    0x08001380   0x08001380   0x00000060   Code   RO          122    .text.HAL_ADC_Start  stm32f0xx_hal_adc.o
    0x080013e0   0x080013e0   0x0000018c   Code   RO          470    .text.HAL_GPIO_Init  stm32f0xx_hal_gpio.o
    0x0800156c   0x0800156c   0x00000008   Code   RO          243    .text.HAL_GetTick   stm32f0xx_hal.o
    0x08001574   0x08001574   0x00000014   Code   RO          241    .text.HAL_IncTick   stm32f0xx_hal.o
    0x08001588   0x08001588   0x0000001c   Code   RO          231    .text.HAL_Init      stm32f0xx_hal.o
    0x080015a4   0x080015a4   0x00000044   Code   RO          233    .text.HAL_InitTick  stm32f0xx_hal.o
    0x080015e8   0x080015e8   0x0000002c   Code   RO           90    .text.HAL_MspInit   stm32f0xx_hal_msp.o
    0x08001614   0x08001614   0x00000008   Code   RO          534    .text.HAL_NVIC_EnableIRQ  stm32f0xx_hal_cortex.o
    0x0800161c   0x0800161c   0x00000008   Code   RO          530    .text.HAL_NVIC_SetPriority  stm32f0xx_hal_cortex.o
    0x08001624   0x08001624   0x00000118   Code   RO          187    .text.HAL_RCC_ClockConfig  stm32f0xx_hal_rcc.o
    0x0800173c   0x0800173c   0x00000060   Code   RO          189    .text.HAL_RCC_GetSysClockFreq  stm32f0xx_hal_rcc.o
    0x0800179c   0x0800179c   0x000003dc   Code   RO          185    .text.HAL_RCC_OscConfig  stm32f0xx_hal_rcc.o
    0x08001b78   0x08001b78   0x00000008   Code   RO          546    .text.HAL_SYSTICK_Config  stm32f0xx_hal_cortex.o
    0x08001b80   0x08001b80   0x00000002   Code   RO         1040    .text.HAL_TIMEx_BreakCallback  stm32f0xx_hal_tim_ex.o
    0x08001b82   0x08001b82   0x00000002   Code   RO         1036    .text.HAL_TIMEx_CommutCallback  stm32f0xx_hal_tim_ex.o
    0x08001b84   0x08001b84   0x0000005a   Code   RO         1032    .text.HAL_TIMEx_ConfigBreakDeadTime  stm32f0xx_hal_tim_ex.o
    0x08001bde   0x08001bde   0x00000002   PAD
    0x08001be0   0x08001be0   0x00000048   Code   RO         1030    .text.HAL_TIMEx_MasterConfigSynchronization  stm32f0xx_hal_tim_ex.o
    0x08001c28   0x08001c28   0x00000046   Code   RO          716    .text.HAL_TIM_Base_Init  stm32f0xx_hal_tim.o
    0x08001c6e   0x08001c6e   0x00000002   PAD
    0x08001c70   0x08001c70   0x000000c4   Code   RO           96    .text.HAL_TIM_Base_MspInit  stm32f0xx_hal_msp.o
    0x08001d34   0x08001d34   0x00000044   Code   RO          726    .text.HAL_TIM_Base_Start  stm32f0xx_hal_tim.o
    0x08001d78   0x08001d78   0x00000050   Code   RO          730    .text.HAL_TIM_Base_Start_IT  stm32f0xx_hal_tim.o
    0x08001dc8   0x08001dc8   0x000000e4   Code   RO          908    .text.HAL_TIM_ConfigClockSource  stm32f0xx_hal_tim.o
    0x08001eac   0x08001eac   0x00000002   Code   RO          852    .text.HAL_TIM_IC_CaptureCallback  stm32f0xx_hal_tim.o
    0x08001eae   0x08001eae   0x00000002   PAD
    0x08001eb0   0x08001eb0   0x000000b2   Code   RO          872    .text.HAL_TIM_IC_ConfigChannel  stm32f0xx_hal_tim.o
    0x08001f62   0x08001f62   0x00000046   Code   RO          790    .text.HAL_TIM_IC_Init  stm32f0xx_hal_tim.o
    0x08001fa8   0x08001fa8   0x00000002   Code   RO          792    .text.HAL_TIM_IC_MspInit  stm32f0xx_hal_tim.o
    0x08001faa   0x08001faa   0x00000002   PAD
    0x08001fac   0x08001fac   0x000000ec   Code   RO          802    .text.HAL_TIM_IC_Start_IT  stm32f0xx_hal_tim.o
    0x08002098   0x08002098   0x00000148   Code   RO          850    .text.HAL_TIM_IRQHandler  stm32f0xx_hal_tim.o
    0x080021e0   0x080021e0   0x00000050   Code   RO           98    .text.HAL_TIM_MspPostInit  stm32f0xx_hal_msp.o
    0x08002230   0x08002230   0x00000002   Code   RO          854    .text.HAL_TIM_OC_DelayElapsedCallback  stm32f0xx_hal_tim.o
    0x08002232   0x08002232   0x00000002   PAD
    0x08002234   0x08002234   0x000000c2   Code   RO          882    .text.HAL_TIM_PWM_ConfigChannel  stm32f0xx_hal_tim.o
    0x080022f6   0x080022f6   0x00000046   Code   RO          770    .text.HAL_TIM_PWM_Init  stm32f0xx_hal_tim.o
    0x0800233c   0x0800233c   0x00000002   Code   RO          772    .text.HAL_TIM_PWM_MspInit  stm32f0xx_hal_tim.o
    0x0800233e   0x0800233e   0x00000002   Code   RO          856    .text.HAL_TIM_PWM_PulseFinishedCallback  stm32f0xx_hal_tim.o
    0x08002340   0x08002340   0x000000b8   Code   RO          778    .text.HAL_TIM_PWM_Start  stm32f0xx_hal_tim.o
    0x080023f8   0x080023f8   0x00000002   Code   RO          858    .text.HAL_TIM_PeriodElapsedCallback  stm32f0xx_hal_tim.o
    0x080023fa   0x080023fa   0x00000002   Code   RO          860    .text.HAL_TIM_TriggerCallback  stm32f0xx_hal_tim.o
    0x080023fc   0x080023fc   0x00000002   Code   RO           68    .text.HardFault_Handler  stm32f0xx_it.o
    0x080023fe   0x080023fe   0x00000002   PAD
    0x08002400   0x08002400   0x00000080   Code   RO           30    .text.MX_ADC_Init   main.o
    0x08002480   0x08002480   0x00000040   Code   RO           28    .text.MX_GPIO_Init  main.o
    0x080024c0   0x080024c0   0x0000002c   Code   RO           36    .text.MX_TIM14_Init  main.o
    0x080024ec   0x080024ec   0x000000f8   Code   RO           32    .text.MX_TIM1_Init  main.o
    0x080025e4   0x080025e4   0x00000090   Code   RO           34    .text.MX_TIM3_Init  main.o
    0x08002674   0x08002674   0x00000002   Code   RO           66    .text.NMI_Handler   stm32f0xx_it.o
    0x08002676   0x08002676   0x00000002   Code   RO           72    .text.PendSV_Handler  stm32f0xx_it.o
    0x08002678   0x08002678   0x00000002   Code   RO           70    .text.SVC_Handler   stm32f0xx_it.o
    0x0800267a   0x0800267a   0x00000002   PAD
    0x0800267c   0x0800267c   0x0000000c   Code   RO           13    .text.Set_fan_speed  control.o
    0x08002688   0x08002688   0x00000028   Code   RO          548    .text.SysTick_Config  stm32f0xx_hal_cortex.o
    0x080026b0   0x080026b0   0x00000008   Code   RO           74    .text.SysTick_Handler  stm32f0xx_it.o
    0x080026b8   0x080026b8   0x0000005c   Code   RO           26    .text.SystemClock_Config  main.o
    0x08002714   0x08002714   0x00000002   Code   RO         1054    .text.SystemInit    system_stm32f0xx.o
    0x08002716   0x08002716   0x00000002   PAD
    0x08002718   0x08002718   0x0000005c   Code   RO           78    .text.TIM14_IRQHandler  stm32f0xx_it.o
    0x08002774   0x08002774   0x0000007c   Code   RO           76    .text.TIM3_IRQHandler  stm32f0xx_it.o
    0x080027f0   0x080027f0   0x0000008c   Code   RO          720    .text.TIM_Base_SetConfig  stm32f0xx_hal_tim.o
    0x0800287c   0x0800287c   0x0000001a   Code   RO          754    .text.TIM_CCxChannelCmd  stm32f0xx_hal_tim.o
    0x08002896   0x08002896   0x00000016   Code   RO          906    .text.TIM_ETR_SetConfig  stm32f0xx_hal_tim.o
    0x080028ac   0x080028ac   0x00000010   Code   RO          912    .text.TIM_ITRx_SetConfig  stm32f0xx_hal_tim.o
    0x080028bc   0x080028bc   0x00000074   Code   RO          864    .text.TIM_OC1_SetConfig  stm32f0xx_hal_tim.o
    0x08002930   0x08002930   0x00000070   Code   RO          866    .text.TIM_OC2_SetConfig  stm32f0xx_hal_tim.o
    0x080029a0   0x080029a0   0x0000007c   Code   RO          868    .text.TIM_OC3_SetConfig  stm32f0xx_hal_tim.o
    0x08002a1c   0x08002a1c   0x0000005c   Code   RO          870    .text.TIM_OC4_SetConfig  stm32f0xx_hal_tim.o
    0x08002a78   0x08002a78   0x00000022   Code   RO          910    .text.TIM_TI1_ConfigInputStage  stm32f0xx_hal_tim.o
    0x08002a9a   0x08002a9a   0x00000002   PAD
    0x08002a9c   0x08002a9c   0x00000044   Code   RO          874    .text.TIM_TI1_SetConfig  stm32f0xx_hal_tim.o
    0x08002ae0   0x08002ae0   0x00000026   Code   RO          914    .text.TIM_TI2_ConfigInputStage  stm32f0xx_hal_tim.o
    0x08002b06   0x08002b06   0x00000002   PAD
    0x08002b08   0x08002b08   0x00000034   Code   RO          876    .text.TIM_TI2_SetConfig  stm32f0xx_hal_tim.o
    0x08002b3c   0x08002b3c   0x00000032   Code   RO          878    .text.TIM_TI3_SetConfig  stm32f0xx_hal_tim.o
    0x08002b6e   0x08002b6e   0x00000002   PAD
    0x08002b70   0x08002b70   0x0000003c   Code   RO          880    .text.TIM_TI4_SetConfig  stm32f0xx_hal_tim.o
    0x08002bac   0x08002bac   0x00000018   Code   RO          536    .text.__NVIC_EnableIRQ  stm32f0xx_hal_cortex.o
    0x08002bc4   0x08002bc4   0x00000040   Code   RO          532    .text.__NVIC_SetPriority  stm32f0xx_hal_cortex.o
    0x08002c04   0x08002c04   0x000001d4   Code   RO           24    .text.main          main.o
    0x08002dd8   0x08002dd8   0x000001f6   Code   RO         1075    .text_divfast       c_p.l(aeabi_sdivfast.o)
    0x08002fce   0x08002fce   0x00000016   Code   RO         1094    i._dls              fz_ps.l(dcmp.o)
    0x08002fe4   0x08002fe4   0x00000016   Code   RO         1115    i._fgr              fz_ps.l(fcmp.o)
    0x08002ffa   0x08002ffa   0x0000001a   Code   RO         1116    i._fleq             fz_ps.l(fcmp.o)
    0x08003014   0x08003014   0x00000016   Code   RO         1117    i._fls              fz_ps.l(fcmp.o)
    0x0800302a   0x0800302a   0x00000002   PAD
    0x0800302c   0x0800302c   0x00000064   Code   RO         1143    x$fpl$dleqf         fz_ps.l(dlef.o)
    0x08003090   0x08003090   0x0000008c   Code   RO         1107    x$fpl$fadd          fz_ps.l(faddsub.o)
    0x0800311c   0x0800311c   0x00000054   Code   RO         1147    x$fpl$fgeqf         fz_ps.l(fgef.o)
    0x08003170   0x08003170   0x00000054   Code   RO         1149    x$fpl$fleqf         fz_ps.l(flef.o)
    0x080031c4   0x080031c4   0x000000b0   Code   RO         1132    x$fpl$fmul          fz_ps.l(fmul.o)
    0x08003274   0x08003274   0x000000d0   Code   RO         1109    x$fpl$fsub          fz_ps.l(faddsub.o)
    0x08003344   0x08003344   0x00000000   Code   RO         1151    x$fpl$usenofp       fz_ps.l(usenofp.o)
    0x08003344   0x08003344   0x00000080   Data   RO         1103    .constdata          fz_ps.l(ddiv.o)
    0x080033c4   0x080033c4   0x00000040   Data   RO         1126    .constdata          fz_ps.l(fdiv.o)
    0x08003404   0x08003404   0x00000010   Data   RO         1059    .rodata.AHBPrescTable  system_stm32f0xx.o
    0x08003414   0x08003414   0x00000020   Data   RO         1331    Region$$Table       anon$$obj.o


    Execution Region RW_IRAM1 (Exec base: 0x20000000, Load base: 0x08003438, Size: 0x000007d8, Max: 0x00001000, ABSOLUTE)

    Exec Addr    Load Addr    Size         Type   Attr      Idx    E Section Name        Object

    0x20000000   0x08003438   0x00000004   Data   RW         1058    .data.SystemCoreClock  system_stm32f0xx.o
    0x20000004   0x0800343c   0x00000004   Data   RW           46    .data.fan_set       main.o
    0x20000008   0x08003440   0x00000024   Data   RW           15    .data.speed_pid     control.o
    0x2000002c   0x08003464   0x00000004   Data   RW           45    .data.temp_set      main.o
    0x20000030   0x08003468   0x00000001   Data   RW          278    .data.uwTickFreq    stm32f0xx_hal.o
    0x20000031   0x08003469   0x00000003   PAD
    0x20000034   0x0800346c   0x00000004   Data   RW          277    .data.uwTickPrio    stm32f0xx_hal.o
    0x20000038        -       0x00000060   Zero   RW         1195    .bss                c_p.l(libspace.o)
    0x20000098        -       0x00000004   Zero   RW           41    .bss.Fan_speed      main.o
    0x2000009c        -       0x00000004   Zero   RW           42    .bss.Fan_speed_show  main.o
    0x200000a0        -       0x00000040   Zero   RW           49    .bss.hadc           main.o
    0x200000e0        -       0x00000004   Zero   RW           54    .bss.heat           main.o
    0x200000e4        -       0x00000048   Zero   RW           57    .bss.htim1          main.o
    0x2000012c        -       0x00000048   Zero   RW           48    .bss.htim14         main.o
    0x20000174        -       0x00000048   Zero   RW           47    .bss.htim3          main.o
    0x200001bc        -       0x00000004   Zero   RW           52    .bss.temp           main.o
    0x200001c0        -       0x00000004   Zero   RW           53    .bss.temp_show      main.o
    0x200001c4        -       0x00000002   Zero   RW           55    .bss.tim3_count_50ms  main.o
    0x200001c6   0x08003470   0x00000002   PAD
    0x200001c8        -       0x00000004   Zero   RW          279    .bss.uwTick         stm32f0xx_hal.o
    0x200001cc        -       0x00000002   Zero   RW           51    .bss.v_fin          main.o
    0x200001ce   0x08003470   0x00000002   PAD
    0x200001d0        -       0x00000004   Zero   RW           44    .bss.v_tim          main.o
    0x200001d4        -       0x00000002   Zero   RW           50    .bss.voltage        main.o
    0x200001d6   0x08003470   0x00000002   PAD
    0x200001d8        -       0x00000200   Zero   RW            2    HEAP                startup_stm32f030x6.o
    0x200003d8        -       0x00000400   Zero   RW            1    STACK               startup_stm32f030x6.o


==============================================================================

Image component sizes


      Code (inc. data)   RO Data    RW Data    ZI Data      Debug   Object Name

       212          8          0         36          0       1343   control.o
      1196        132          0          8        310       8439   main.o
        56         26        176          0       1536        632   startup_stm32f030x6.o
       124         12          0          5          4       5259   stm32f0xx_hal.o
      1090         40          0          0          0      11557   stm32f0xx_hal_adc.o
       152         16          0          0          0       5436   stm32f0xx_hal_cortex.o
       396         20          0          0          0       4804   stm32f0xx_hal_gpio.o
       416         24          0          0          0       7084   stm32f0xx_hal_msp.o
      1364         72          0          0          0       7299   stm32f0xx_hal_rcc.o
      2670        104          0          0          0      44406   stm32f0xx_hal_tim.o
       166          0          0          0          0      18521   stm32f0xx_hal_tim_ex.o
       232         48          0          0          0       1990   stm32f0xx_it.o
         2          0         16          4          0       1772   system_stm32f0xx.o

    ----------------------------------------------------------------------
      8100        502        224         56       1856     118542   Object Totals
         0          0         32          0          0          0   (incl. Generated)
        24          0          0          3          6          0   (incl. Padding)

    ----------------------------------------------------------------------

      Code (inc. data)   RO Data    RW Data    ZI Data      Debug   Library Member Name

         8          0          0          0          0         68   __main.o
         0          0          0          0          0          0   __rtentry.o
        12          0          0          0          0          0   __rtentry2.o
         6          0          0          0          0          0   __rtentry4.o
        60          8          0          0          0          0   __scatter.o
        26          0          0          0          0          0   __scatter_copy.o
        28          0          0          0          0          0   __scatter_zi.o
       502          0          0          0          0         92   aeabi_sdivfast.o
        16          0          0          0          0         68   exit.o
         6          0          0          0          0        136   heapauxi.o
         0          0          0          0          0          0   indicate_semi.o
         2          0          0          0          0          0   libinit.o
         2          0          0          0          0          0   libinit2.o
         2          0          0          0          0          0   libshutdown.o
         2          0          0          0          0          0   libshutdown2.o
         8          4          0          0         96         68   libspace.o
        64          0          0          0          0        108   rt_memclr.o
         2          0          0          0          0          0   rtexit.o
        10          0          0          0          0          0   rtexit2.o
        12          4          0          0          0         60   sys_exit.o
        62          0          0          0          0         80   sys_stackheap_outer.o
         2          0          0          0          0         68   use_no_semi.o
        46          0          0          0          0         60   cmpret.o
       124          4          0          0          0         72   d2f.o
       856         20          0          0          0        208   daddsub.o
        22          0          0          0          0         68   dcmp.o
       160          6          0          0          0         76   dcmpin.o
      1096         26        128          0          0        112   ddiv.o
       100          4          0          0          0         92   dlef.o
        20          6          0          0          0         68   dnan2.o
        84          4          0          0          0         60   f2d.o
       348          8          0          0          0        160   faddsub.o
        70          0          0          0          0        204   fcmp.o
       100          4          0          0          0         68   fcmpin.o
       352         10         64          0          0         92   fdiv.o
        76          0          0          0          0         68   ffixi.o
        94          0          0          0          0         92   fflti.o
        84          4          0          0          0         76   fgef.o
        84          4          0          0          0         76   flef.o
       176          4          0          0          0         80   fmul.o
        16          6          0          0          0         68   fnan2.o
        94          0          0          0          0         68   retnan.o
         0          0          0          0          0          0   usenofp.o

    ----------------------------------------------------------------------
      4848        126        192          0         96       2616   Library Totals
        14          0          0          0          0          0   (incl. Padding)

    ----------------------------------------------------------------------

      Code (inc. data)   RO Data    RW Data    ZI Data      Debug   Library Name

       832         16          0          0         96        748   c_p.l
      4002        110        192          0          0       1868   fz_ps.l

    ----------------------------------------------------------------------
      4848        126        192          0         96       2616   Library Totals

    ----------------------------------------------------------------------

==============================================================================


      Code (inc. data)   RO Data    RW Data    ZI Data      Debug   

     12948        628        416         56       1952     119734   Grand Totals
     12948        628        416         56       1952     119734   ELF Image Totals
     12948        628        416         56          0          0   ROM Totals

==============================================================================

    Total RO  Size (Code + RO Data)                13364 (  13.05kB)
    Total RW  Size (RW Data + ZI Data)              2008 (   1.96kB)
    Total ROM Size (Code + RO Data + RW Data)      13420 (  13.11kB)

==============================================================================

