<html>
<body>
<pre>
<h1>µVision Build Log</h1>
<h2>Tool Versions:</h2>
IDE-Version: ¦ÌVision V5.31.0.0
Copyright (C) 2020 ARM Ltd and ARM Germany GmbH. All rights reserved.
License Information:  ,  , LIC=BUURY-ITLAL-JJG6S-LNQYQ-B5KI7-E2TRV
 
Tool Versions:
Toolchain:       MDK-ARM Plus  Version: 5.31.0.0
Toolchain Path:  D:\Program Files (x86)\Keil\ARM\ARMCC\Bin
C Compiler:      Armcc.exe V5.06 update 6 (build 750)
Assembler:       Armasm.exe V5.06 update 6 (build 750)
Linker/Locator:  ArmLink.exe V5.06 update 6 (build 750)
Library Manager: ArmAr.exe V5.06 update 6 (build 750)
Hex Converter:   FromElf.exe V5.06 update 6 (build 750)
CPU DLL:         SARMCM3.DLL V5.31.0.0
Dialog DLL:      DARMCM1.DLL V1.19.3.0
Target DLL:      STLink\ST-LINKIII-KEIL_SWO.dll V3.0.7.0
Dialog DLL:      TARMCM1.DLL V1.14.2.0
 
<h2>Project:</h2>
D:\document\MCUProject\MCU32F030\MDK-ARM\MCU32F030.uvprojx
Project File Date:  09/16/2022

<h2>Output:</h2>
*** Using Compiler 'V5.06 update 6 (build 750)', folder: 'D:\Program Files (x86)\Keil\ARM\ARMCC\Bin'
Rebuild target 'MCU32F030'
assembling startup_stm32f030x6.s...
compiling stm32f0xx_it.c...
compiling stm32f0xx_hal_msp.c...
compiling stm32f0xx_hal_adc_ex.c...
compiling main.c...
compiling stm32f0xx_hal_rcc_ex.c...
compiling stm32f0xx_hal_adc.c...
compiling stm32f0xx_hal_rcc.c...
compiling stm32f0xx_hal_i2c_ex.c...
compiling stm32f0xx_hal_gpio.c...
compiling stm32f0xx_hal_cortex.c...
compiling stm32f0xx_hal_pwr.c...
compiling stm32f0xx_hal.c...
compiling stm32f0xx_hal_dma.c...
compiling stm32f0xx_hal_i2c.c...
compiling stm32f0xx_hal_pwr_ex.c...
compiling stm32f0xx_hal_exti.c...
compiling stm32f0xx_hal_flash.c...
compiling stm32f0xx_hal_flash_ex.c...
compiling stm32f0xx_hal_tim_ex.c...
compiling system_stm32f0xx.c...
compiling stm32f0xx_hal_tim.c...
linking...
Program Size: Code=5728 RO-data=224 RW-data=20 ZI-data=1844  
FromELF: creating hex file...
"MCU32F030\MCU32F030.axf" - 0 Error(s), 0 Warning(s).

<h2>Software Packages used:</h2>

Package Vendor: ARM
                http://www.keil.com/pack/ARM.CMSIS.5.7.0.pack
                ARM.CMSIS.5.7.0
                CMSIS (Cortex Microcontroller Software Interface Standard)
   * Component: CORE Version: 5.4.0

Package Vendor: Keil
                http://www.keil.com/pack/Keil.STM32F0xx_DFP.2.0.0.pack
                Keil.STM32F0xx_DFP.2.0.0
                STMicroelectronics STM32F0 Series Device Support, Drivers and Examples

<h2>Collection of Component include folders:</h2>
  .\RTE\_MCU32F030
  D:\Program Files (x86)\Keil\ARM\CMSIS\5.7.0\CMSIS\Core\Include
  D:\Program Files (x86)\Keil\Keil\STM32F0xx_DFP\2.0.0\Drivers\CMSIS\Device\ST\STM32F0xx\Include

<h2>Collection of Component Files used:</h2>

   * Component: ARM::CMSIS:CORE:5.4.0
Build Time Elapsed:  00:00:05
</pre>
</body>
</html>
