<html>
<body>
<pre>
<h1>礦ision Build Log</h1>
<h2>Tool Versions:</h2>
IDE-Version: μVision V5.37.0.0
Copyright (C) 2022 ARM Ltd and ARM Germany GmbH. All rights reserved.
License Information: dark arc, arc, LIC=HN0AE-5GPLU-BSKYX-HAR40-S04QW-VKN22
 
Tool Versions:
Toolchain:       MDK-ARM Plus  Version: 5.37.0.0
Toolchain Path:  C:\Works\keilv537\ARM\ac506\Bin
C Compiler:      Armcc.exe V5.06 update 7 (build 960)
Assembler:       Armasm.exe V5.06 update 7 (build 960)
Linker/Locator:  ArmLink.exe V5.06 update 7 (build 960)
Library Manager: ArmAr.exe V5.06 update 7 (build 960)
Hex Converter:   FromElf.exe V5.06 update 7 (build 960)
CPU DLL:         SARMCM3.DLL V5.37.0.0
Dialog DLL:      DARMCM1.DLL V1.19.6.0
Target DLL:      STLink\ST-LINKIII-KEIL_SWO.dll V3.0.9.0
Dialog DLL:      TARMCM1.DLL V1.14.6.0
 
<h2>Project:</h2>
C:\Users\23502\Documents\大学文档\大三上\mcu设计\-school_work-Motor-with-temperature\MCU32F030\MDK-ARM\MCU32F030.uvprojx
Project File Date:  09/26/2022

<h2>Output:</h2>
*** Using Compiler 'V5.06 update 7 (build 960)', folder: 'C:\Works\keilv537\ARM\ac506\Bin'
Build target 'MCU32F030'
compiling stm32f0xx_it.c...
linking...
Program Size: Code=7752 RO-data=224 RW-data=24 ZI-data=1840  
FromELF: creating hex file...
"MCU32F030\MCU32F030.axf" - 0 Error(s), 0 Warning(s).

<h2>Software Packages used:</h2>

Package Vendor: ARM
                http://www.keil.com/pack/ARM.CMSIS.5.9.0.pack
                ARM.CMSIS.5.9.0
                CMSIS (Common Microcontroller Software Interface Standard)
   * Component: CORE Version: 5.6.0

Package Vendor: Keil
                https://www.keil.com/pack/Keil.STM32F0xx_DFP.2.1.1.pack
                Keil.STM32F0xx_DFP.2.1.1
                STMicroelectronics STM32F0 Series Device Support, Drivers and Examples

<h2>Collection of Component include folders:</h2>
  ./RTE/_MCU32F030
  C:/Works/keilv537/ARM/Packs/ARM/CMSIS/5.9.0/CMSIS/Core/Include
  C:/Works/keilv537/ARM/Packs/Keil/STM32F0xx_DFP/2.1.1/Drivers/CMSIS/Device/ST/STM32F0xx/Include

<h2>Collection of Component Files used:</h2>

   * Component: ARM::CMSIS:CORE:5.6.0
Build Time Elapsed:  00:00:01
</pre>
</body>
</html>
